Warp 1.11.0 initialized:
   CUDA Toolkit 12.9, Driver 13.0
   Devices:
     "cpu"      : "x86_64"
     "cuda:0"   : "NVIDIA GeForce RTX 4090 D" (24 GiB, sm_89, mempool enabled)
   Kernel cache:
     /home/qy/.cache/warp/1.11.0
Warp DeprecationWarning: The symbol `warp.types.warp_type_to_np_dtype` will soon be removed from the public API. It can still be accessed from `warp._src.types.warp_type_to_np_dtype` but might be changed or removed without notice.
[frontier-shard] warp_memory_maintenance=enabled device=cuda:0 step_interval=64 mempool_supported=True mempool_enabled=True
Module mujoco.mjx.warp.ffi edde159 load on device 'cuda:0' took 0.38 ms  (cached)
Module mujoco.mjx.third_party.mujoco_warp._src.smooth 9d8c26b load on device 'cuda:0' took 6.17 ms  (cached)
Module mujoco.mjx.third_party.mujoco_warp._src.collision_driver de6dc98 load on device 'cuda:0' took 0.23 ms  (cached)
Module _nxn_broadphase__locals__kernel_36c68517 36c6851 load on device 'cuda:0' took 0.25 ms  (cached)
Module ccd_kernel_builder__locals__ccd_kernel_30387cff 30387cf load on device 'cuda:0' took 0.90 ms  (cached)
Module ccd_kernel_builder__locals__ccd_kernel_9855f04a 9855f04 load on device 'cuda:0' took 0.76 ms  (cached)
Module ccd_kernel_builder__locals__ccd_kernel_927e4d05 927e4d0 load on device 'cuda:0' took 0.72 ms  (cached)
Module ccd_kernel_builder__locals__ccd_kernel_2b578852 2b57885 load on device 'cuda:0' took 1.03 ms  (cached)
Module _primitive_narrowphase__locals__primitive_narrowphase_1bf02ad9 91f16af load on device 'cuda:0' took 0.46 ms  (cached)
Module mujoco.mjx.third_party.mujoco_warp._src.constraint 2aca1f5 load on device 'cuda:0' took 1.26 ms  (cached)
Module mujoco.mjx.third_party.mujoco_warp._src.sensor a2c5a56 load on device 'cuda:0' took 1.43 ms  (cached)
Module _actuator_velocity__locals__actuator_velocity_12383059 73552e7 load on device 'cuda:0' took 0.25 ms  (cached)
Module mujoco.mjx.third_party.mujoco_warp._src.passive 45a1f12 load on device 'cuda:0' took 0.50 ms  (cached)
Module mujoco.mjx.third_party.mujoco_warp._src.forward 3875c24 load on device 'cuda:0' took 0.57 ms  (cached)
Module mujoco.mjx.third_party.mujoco_warp._src.support b7a7a89 load on device 'cuda:0' took 0.24 ms  (cached)
Module _tile_cholesky_factorize_solve__locals__cholesky_factorize_solve_be145701 4a8f693 load on device 'cuda:0' took 15.32 ms  (cached)
Module mujoco.mjx.third_party.mujoco_warp._src.solver 8800eae load on device 'cuda:0' took 0.76 ms  (cached)
Module solve_init_jaref__locals__kernel_0e441fb9 0e441fb load on device 'cuda:0' took 0.20 ms  (cached)
Module mul_m_dense__locals___mul_m_dense_a919c505 a919c50 load on device 'cuda:0' took 0.25 ms  (cached)
Module update_constraint_gauss_cost__locals__kernel_9283aa6c 9283aa6 load on device 'cuda:0' took 0.19 ms  (cached)
Module update_gradient_JTDAJ_dense_tiled__locals__kernel_926cd55c 4b2efd1 load on device 'cuda:0' took 28.18 ms  (cached)
Module update_gradient_cholesky__locals__kernel_0282940c df4c2e1 load on device 'cuda:0' took 18.39 ms  (cached)
Module linesearch_iterative__locals__kernel_d5d90354 cc0622d load on device 'cuda:0' took 0.49 ms  (cached)
[causal] trajectory=dense_v1_train_x2.85_family0/variant_0 saved=26 total_candidates=26 interactions=46
[causal] trajectory=dense_v1_train_x2.85_family0/variant_5 saved=2 total_candidates=28 interactions=56
[causal] trajectory=dense_v1_train_x2.85_family0/variant_10 saved=29 total_candidates=57 interactions=106
[causal] trajectory=dense_v1_train_x2.85_family0/variant_15 saved=27 total_candidates=84 interactions=152
[causal] trajectory=dense_v1_train_x2.85_family1/variant_1 saved=27 total_candidates=111 interactions=201
[causal] trajectory=dense_v1_train_x2.85_family1/variant_6 saved=29 total_candidates=140 interactions=249
[causal] trajectory=dense_v1_train_x2.85_family1/variant_11 saved=27 total_candidates=167 interactions=294
[causal] trajectory=dense_v1_train_x2.85_family2/variant_2 saved=29 total_candidates=196 interactions=342
[causal] trajectory=dense_v1_train_x2.85_family2/variant_7 saved=3 total_candidates=199 interactions=352
[causal] trajectory=dense_v1_train_x2.85_family2/variant_12 saved=25 total_candidates=224 interactions=399
[causal] trajectory=dense_v1_train_x2.85_family3/variant_3 saved=29 total_candidates=253 interactions=447
[causal] trajectory=dense_v1_train_x2.85_family3/variant_8 saved=27 total_candidates=280 interactions=494
[causal] trajectory=dense_v1_train_x2.85_family3/variant_13 saved=2 total_candidates=282 interactions=503
[causal] trajectory=dense_v1_train_x2.85_family4/variant_4 saved=27 total_candidates=309 interactions=547
[causal] trajectory=dense_v1_train_x2.85_family4/variant_9 saved=27 total_candidates=336 interactions=592
[causal] trajectory=dense_v1_train_x2.85_family4/variant_14 saved=2 total_candidates=338 interactions=601
[causal] trajectory=dense_v1_train_x2.95_family0/variant_0 saved=28 total_candidates=366 interactions=650
[causal] trajectory=dense_v1_train_x2.95_family0/variant_5 saved=1 total_candidates=367 interactions=660
[causal] trajectory=dense_v1_train_x2.95_family0/variant_10 saved=24 total_candidates=391 interactions=706
[causal] trajectory=dense_v1_train_x2.95_family0/variant_15 saved=22 total_candidates=413 interactions=749
[causal] trajectory=dense_v1_train_x2.95_family1/variant_1 saved=24 total_candidates=437 interactions=795
[causal] trajectory=dense_v1_train_x2.95_family1/variant_6 saved=23 total_candidates=460 interactions=840
[causal] trajectory=dense_v1_train_x2.95_family1/variant_11 saved=30 total_candidates=490 interactions=890
[causal] trajectory=dense_v1_train_x2.95_family2/variant_2 saved=22 total_candidates=512 interactions=935
[causal] trajectory=dense_v1_train_x2.95_family2/variant_7 saved=21 total_candidates=533 interactions=977
[causal] trajectory=dense_v1_train_x2.95_family2/variant_12 saved=25 total_candidates=558 interactions=1017
[causal] trajectory=dense_v1_train_x2.95_family3/variant_3 saved=24 total_candidates=582 interactions=1062
[causal] trajectory=dense_v1_train_x2.95_family3/variant_8 saved=24 total_candidates=606 interactions=1107
[causal] trajectory=dense_v1_train_x2.95_family3/variant_13 saved=1 total_candidates=607 interactions=1117
[causal] trajectory=dense_v1_train_x2.95_family4/variant_4 saved=29 total_candidates=636 interactions=1165
[causal] trajectory=dense_v1_train_x2.95_family4/variant_9 saved=28 total_candidates=664 interactions=1214
[causal] trajectory=dense_v1_train_x2.95_family4/variant_14 saved=27 total_candidates=691 interactions=1263
