Warp 1.11.0 initialized:
   CUDA Toolkit 12.9, Driver 13.0
   Devices:
     "cpu"      : "x86_64"
     "cuda:0"   : "NVIDIA GeForce RTX 4090 D" (24 GiB, sm_89, mempool enabled)
   Kernel cache:
     /home/qy/.cache/warp/1.11.0
Warp DeprecationWarning: The symbol `warp.types.warp_type_to_np_dtype` will soon be removed from the public API. It can still be accessed from `warp._src.types.warp_type_to_np_dtype` but might be changed or removed without notice.
Module mujoco.mjx.warp.ffi edde159 load on device 'cuda:0' took 0.39 ms  (cached)
Module mujoco.mjx.third_party.mujoco_warp._src.smooth 9d8c26b load on device 'cuda:0' took 6.50 ms  (cached)
Module mujoco.mjx.third_party.mujoco_warp._src.collision_driver de6dc98 load on device 'cuda:0' took 0.24 ms  (cached)
Module _nxn_broadphase__locals__kernel_36c68517 36c6851 load on device 'cuda:0' took 0.22 ms  (cached)
Module ccd_kernel_builder__locals__ccd_kernel_30387cff 30387cf load on device 'cuda:0' took 0.79 ms  (cached)
Module ccd_kernel_builder__locals__ccd_kernel_9855f04a 9855f04 load on device 'cuda:0' took 0.82 ms  (cached)
Module ccd_kernel_builder__locals__ccd_kernel_927e4d05 927e4d0 load on device 'cuda:0' took 0.82 ms  (cached)
Module ccd_kernel_builder__locals__ccd_kernel_2b578852 2b57885 load on device 'cuda:0' took 1.40 ms  (cached)
Module _primitive_narrowphase__locals__primitive_narrowphase_1bf02ad9 91f16af load on device 'cuda:0' took 0.43 ms  (cached)
Module mujoco.mjx.third_party.mujoco_warp._src.constraint 2aca1f5 load on device 'cuda:0' took 1.43 ms  (cached)
Module mujoco.mjx.third_party.mujoco_warp._src.sensor a2c5a56 load on device 'cuda:0' took 1.49 ms  (cached)
Module _actuator_velocity__locals__actuator_velocity_12383059 73552e7 load on device 'cuda:0' took 0.22 ms  (cached)
Module mujoco.mjx.third_party.mujoco_warp._src.passive 45a1f12 load on device 'cuda:0' took 0.51 ms  (cached)
Module mujoco.mjx.third_party.mujoco_warp._src.forward 3875c24 load on device 'cuda:0' took 0.55 ms  (cached)
Module mujoco.mjx.third_party.mujoco_warp._src.support b7a7a89 load on device 'cuda:0' took 0.24 ms  (cached)
Module _tile_cholesky_factorize_solve__locals__cholesky_factorize_solve_be145701 4a8f693 load on device 'cuda:0' took 17.93 ms  (cached)
Module mujoco.mjx.third_party.mujoco_warp._src.solver 8800eae load on device 'cuda:0' took 0.77 ms  (cached)
Module solve_init_jaref__locals__kernel_0e441fb9 0e441fb load on device 'cuda:0' took 0.22 ms  (cached)
Module mul_m_dense__locals___mul_m_dense_a919c505 a919c50 load on device 'cuda:0' took 0.27 ms  (cached)
Module update_constraint_gauss_cost__locals__kernel_9283aa6c 9283aa6 load on device 'cuda:0' took 0.31 ms  (cached)
Module update_gradient_JTDAJ_dense_tiled__locals__kernel_926cd55c 4b2efd1 load on device 'cuda:0' took 29.89 ms  (cached)
Module update_gradient_cholesky__locals__kernel_0282940c df4c2e1 load on device 'cuda:0' took 18.03 ms  (cached)
Module linesearch_iterative__locals__kernel_d5d90354 cc0622d load on device 'cuda:0' took 0.73 ms  (cached)
[labels] device batch 0:1 seconds=0.192 slots=39 useful_steps=39
[labels] completed=0/16 elapsed=6.5s backend=vectorized
[labels] device batch 1:2 seconds=0.159 slots=36 useful_steps=36
[labels] device batch 2:3 seconds=0.133 slots=30 useful_steps=30
[labels] device batch 3:4 seconds=0.125 slots=28 useful_steps=28
[labels] device batch 4:5 seconds=0.127 slots=28 useful_steps=28
[labels] device batch 5:6 seconds=0.124 slots=27 useful_steps=27
[labels] device batch 6:7 seconds=0.111 slots=24 useful_steps=24
[labels] device batch 7:8 seconds=0.109 slots=23 useful_steps=23
[labels] device batch 8:9 seconds=0.094 slots=20 useful_steps=20
[labels] device batch 9:10 seconds=0.095 slots=20 useful_steps=20
[labels] device batch 10:11 seconds=0.093 slots=19 useful_steps=19
[labels] device batch 11:12 seconds=0.084 slots=17 useful_steps=17
[labels] device batch 12:13 seconds=0.079 slots=16 useful_steps=16
[labels] device batch 13:14 seconds=0.078 slots=15 useful_steps=15
[labels] device batch 14:15 seconds=0.074 slots=14 useful_steps=14
[labels] device batch 15:16 seconds=0.071 slots=13 useful_steps=13
{
  "batch_size": 1,
  "candidate_count": 16,
  "candidate_start_index": 0,
  "candidate_stop_index_exclusive": 16,
  "device_batch_seconds": [
    0.1924082420000559,
    0.15931529699992097,
    0.13270789500029423,
    0.12496744899999612,
    0.12696057099992686,
    0.12446834899992609,
    0.11108845799981282,
    0.10902798699999039,
    0.09380284000008032,
    0.0947613159996763,
    0.09300342599999567,
    0.0837076459997661,
    0.07947781400025633,
    0.07797443099980228,
    0.07352281700013918,
    0.07067116400003215
  ],
  "device_compile_seconds": [
    2.3332922539998435
  ],
  "elapsed_seconds": 11.589150362000055,
  "environment_interactions": 369,
  "execution_backend": "vectorized",
  "expert_switching_used": false,
  "final_evaluation_data_used": false,
  "inactive_lane_interactions": 0,
  "labels_file_sha256": "b5f1241d0491922b59e44278883a043ed7b57bae9efa9f080a047900224f826c",
  "logical_candidate_count": 738,
  "logical_protocol_sha256": "06537b34ca88899d592d0ac28e867068cdeec9fa8f973ad96e11d218767818a2",
  "maximum_environment_interactions": 6400,
  "negative_count": 0,
  "outcome_counts": {
    "first_valid_landing": 16
  },
  "phase_candidate_counts": {
    "upstream": 16
  },
  "phase_positive_counts": {
    "upstream": 16
  },
  "policy_key_scheme": "candidate_key=fold_in(PRNGKey(protocol_seed),global_candidate_index);action_key=fold_in(candidate_key,tick)",
  "positive_count": 16,
  "schema": "jit_unified_continuation_label_shard_v1",
  "shard_count": 47,
  "shard_index": 0,
  "snapshot_restore_seconds": 6.0590221989987185,
  "status": "completed_shard",
  "test_data_used": false,
  "timing_scope": "labeler only; caller records full process initialization and wall time",
  "training_transitions": 0,
  "useful_label_interactions": 369,
  "validation_data_used": false
}
