Warp 1.11.0 initialized:
   CUDA Toolkit 12.9, Driver 13.0
   Devices:
     "cpu"      : "x86_64"
     "cuda:0"   : "NVIDIA GeForce RTX 4090 D" (24 GiB, sm_89, mempool enabled)
   Kernel cache:
     /home/qy/.cache/warp/1.11.0
Warp DeprecationWarning: The symbol `warp.types.warp_type_to_np_dtype` will soon be removed from the public API. It can still be accessed from `warp._src.types.warp_type_to_np_dtype` but might be changed or removed without notice.
[frontier-shard] warp_memory_maintenance=enabled device=cuda:0 step_interval=64 mempool_supported=True mempool_enabled=True
Module mujoco.mjx.warp.ffi edde159 load on device 'cuda:0' took 0.42 ms  (cached)
Module mujoco.mjx.third_party.mujoco_warp._src.smooth 9d8c26b load on device 'cuda:0' took 6.97 ms  (cached)
Module mujoco.mjx.third_party.mujoco_warp._src.collision_driver de6dc98 load on device 'cuda:0' took 0.27 ms  (cached)
Module _nxn_broadphase__locals__kernel_36c68517 36c6851 load on device 'cuda:0' took 0.40 ms  (cached)
Module ccd_kernel_builder__locals__ccd_kernel_30387cff 30387cf load on device 'cuda:0' took 1.02 ms  (cached)
Module ccd_kernel_builder__locals__ccd_kernel_9855f04a 9855f04 load on device 'cuda:0' took 0.89 ms  (cached)
Module ccd_kernel_builder__locals__ccd_kernel_927e4d05 927e4d0 load on device 'cuda:0' took 0.85 ms  (cached)
Module ccd_kernel_builder__locals__ccd_kernel_2b578852 2b57885 load on device 'cuda:0' took 1.85 ms  (cached)
Module _primitive_narrowphase__locals__primitive_narrowphase_1bf02ad9 91f16af load on device 'cuda:0' took 0.47 ms  (cached)
Module mujoco.mjx.third_party.mujoco_warp._src.constraint 2aca1f5 load on device 'cuda:0' took 1.54 ms  (cached)
Module mujoco.mjx.third_party.mujoco_warp._src.sensor a2c5a56 load on device 'cuda:0' took 1.66 ms  (cached)
Module _actuator_velocity__locals__actuator_velocity_12383059 73552e7 load on device 'cuda:0' took 0.27 ms  (cached)
Module mujoco.mjx.third_party.mujoco_warp._src.passive 45a1f12 load on device 'cuda:0' took 0.54 ms  (cached)
Module mujoco.mjx.third_party.mujoco_warp._src.forward 3875c24 load on device 'cuda:0' took 0.58 ms  (cached)
Module mujoco.mjx.third_party.mujoco_warp._src.support b7a7a89 load on device 'cuda:0' took 0.24 ms  (cached)
Module _tile_cholesky_factorize_solve__locals__cholesky_factorize_solve_be145701 4a8f693 load on device 'cuda:0' took 18.54 ms  (cached)
Module mujoco.mjx.third_party.mujoco_warp._src.solver 8800eae load on device 'cuda:0' took 0.85 ms  (cached)
Module solve_init_jaref__locals__kernel_0e441fb9 0e441fb load on device 'cuda:0' took 0.23 ms  (cached)
Module mul_m_dense__locals___mul_m_dense_a919c505 a919c50 load on device 'cuda:0' took 0.26 ms  (cached)
Module update_constraint_gauss_cost__locals__kernel_9283aa6c 9283aa6 load on device 'cuda:0' took 0.21 ms  (cached)
Module update_gradient_JTDAJ_dense_tiled__locals__kernel_926cd55c 4b2efd1 load on device 'cuda:0' took 31.04 ms  (cached)
Module update_gradient_cholesky__locals__kernel_0282940c df4c2e1 load on device 'cuda:0' took 18.88 ms  (cached)
Module linesearch_iterative__locals__kernel_d5d90354 cc0622d load on device 'cuda:0' took 0.67 ms  (cached)
[labels] completed=0/216 elapsed=7.8s backend=serial
[labels] completed=25/216 elapsed=26.2s backend=serial
[labels] completed=50/216 elapsed=45.7s backend=serial
[labels] completed=75/216 elapsed=64.3s backend=serial
[labels] completed=100/216 elapsed=83.2s backend=serial
[labels] completed=125/216 elapsed=101.3s backend=serial
{
  "batch_size": 1,
  "candidate_count": 128,
  "candidate_start_index": 0,
  "candidate_stop_index_exclusive": 216,
  "device_batch_seconds": [],
  "device_compile_seconds": [],
  "elapsed_seconds": 102.53657765500066,
  "environment_interactions": 2443,
  "execution_backend": "serial",
  "expert_switching_used": false,
  "final_evaluation_data_used": false,
  "inactive_lane_interactions": 0,
  "labels_file_sha256": "70ca65170f403c0755dcfb4ae09bc1c5744e538d7d94a8dfa4b1b2dc83b55a33",
  "logical_candidate_count": 216,
  "logical_protocol_sha256": "95c4abc950af759bae88324440e4e26f3db8b72a7fc4315ef66d8b489931a867",
  "maximum_environment_interactions": 51200,
  "negative_count": 1,
  "outcome_counts": {
    "airborne_physical_failure": 1,
    "first_valid_landing": 127
  },
  "phase_candidate_counts": {
    "downstream": 29,
    "upstream": 99
  },
  "phase_positive_counts": {
    "downstream": 29,
    "upstream": 98
  },
  "policy_key_scheme": "candidate_key=fold_in(PRNGKey(protocol_seed),global_candidate_index);action_key=fold_in(candidate_key,tick)",
  "positive_count": 127,
  "schema": "jit_unified_continuation_subset_v1",
  "selected_candidate_indices": [
    0,
    1,
    2,
    3,
    4,
    5,
    6,
    7,
    8,
    9,
    10,
    11,
    12,
    13,
    14,
    15,
    16,
    17,
    18,
    19,
    20,
    21,
    22,
    23,
    24,
    25,
    26,
    27,
    28,
    29,
    30,
    31,
    32,
    33,
    34,
    35,
    36,
    37,
    38,
    39,
    40,
    41,
    42,
    43,
    44,
    45,
    46,
    47,
    48,
    49,
    50,
    51,
    52,
    53,
    54,
    55,
    56,
    57,
    58,
    59,
    60,
    61,
    62,
    63,
    64,
    65,
    66,
    67,
    68,
    69,
    70,
    71,
    72,
    73,
    74,
    75,
    76,
    77,
    78,
    79,
    80,
    81,
    82,
    83,
    84,
    85,
    86,
    87,
    88,
    89,
    90,
    91,
    92,
    93,
    94,
    95,
    96,
    97,
    98,
    99,
    100,
    101,
    102,
    103,
    104,
    105,
    106,
    107,
    108,
    109,
    110,
    111,
    112,
    113,
    114,
    115,
    116,
    117,
    118,
    119,
    120,
    121,
    122,
    123,
    124,
    125,
    126,
    127
  ],
  "shard_count": 1,
  "shard_index": 0,
  "snapshot_restore_seconds": 32.51393390001431,
  "status": "completed_subset",
  "test_data_used": false,
  "timing_scope": "labeler only; caller records full process initialization and wall time",
  "training_transitions": 0,
  "useful_label_interactions": 2443,
  "validation_data_used": false
}
