Warp 1.11.0 initialized:
   CUDA Toolkit 12.9, Driver 13.0
   Devices:
     "cpu"      : "x86_64"
     "cuda:0"   : "NVIDIA GeForce RTX 4090 D" (24 GiB, sm_89, mempool enabled)
   Kernel cache:
     /home/qy/.cache/warp/1.11.0
Warp DeprecationWarning: The symbol `warp.types.warp_type_to_np_dtype` will soon be removed from the public API. It can still be accessed from `warp._src.types.warp_type_to_np_dtype` but might be changed or removed without notice.
[frontier-shard] warp_memory_maintenance=enabled device=cuda:0 step_interval=64 mempool_supported=True mempool_enabled=True
Module mujoco.mjx.warp.ffi edde159 load on device 'cuda:0' took 0.33 ms  (cached)
Module mujoco.mjx.third_party.mujoco_warp._src.smooth 9d8c26b load on device 'cuda:0' took 6.25 ms  (cached)
Module mujoco.mjx.third_party.mujoco_warp._src.collision_driver de6dc98 load on device 'cuda:0' took 0.23 ms  (cached)
Module _nxn_broadphase__locals__kernel_36c68517 36c6851 load on device 'cuda:0' took 0.27 ms  (cached)
Module ccd_kernel_builder__locals__ccd_kernel_30387cff 30387cf load on device 'cuda:0' took 0.75 ms  (cached)
Module ccd_kernel_builder__locals__ccd_kernel_9855f04a 9855f04 load on device 'cuda:0' took 0.77 ms  (cached)
Module ccd_kernel_builder__locals__ccd_kernel_927e4d05 927e4d0 load on device 'cuda:0' took 0.78 ms  (cached)
Module ccd_kernel_builder__locals__ccd_kernel_2b578852 2b57885 load on device 'cuda:0' took 1.06 ms  (cached)
Module _primitive_narrowphase__locals__primitive_narrowphase_1bf02ad9 91f16af load on device 'cuda:0' took 0.43 ms  (cached)
Module mujoco.mjx.third_party.mujoco_warp._src.constraint 2aca1f5 load on device 'cuda:0' took 1.41 ms  (cached)
Module mujoco.mjx.third_party.mujoco_warp._src.sensor a2c5a56 load on device 'cuda:0' took 1.34 ms  (cached)
Module _actuator_velocity__locals__actuator_velocity_12383059 73552e7 load on device 'cuda:0' took 0.25 ms  (cached)
Module mujoco.mjx.third_party.mujoco_warp._src.passive 45a1f12 load on device 'cuda:0' took 0.50 ms  (cached)
Module mujoco.mjx.third_party.mujoco_warp._src.forward 3875c24 load on device 'cuda:0' took 0.54 ms  (cached)
Module mujoco.mjx.third_party.mujoco_warp._src.support b7a7a89 load on device 'cuda:0' took 0.23 ms  (cached)
Module _tile_cholesky_factorize_solve__locals__cholesky_factorize_solve_be145701 4a8f693 load on device 'cuda:0' took 15.20 ms  (cached)
Module mujoco.mjx.third_party.mujoco_warp._src.solver 8800eae load on device 'cuda:0' took 0.74 ms  (cached)
Module solve_init_jaref__locals__kernel_0e441fb9 0e441fb load on device 'cuda:0' took 0.21 ms  (cached)
Module mul_m_dense__locals___mul_m_dense_a919c505 a919c50 load on device 'cuda:0' took 0.25 ms  (cached)
Module update_constraint_gauss_cost__locals__kernel_9283aa6c 9283aa6 load on device 'cuda:0' took 0.20 ms  (cached)
Module update_gradient_JTDAJ_dense_tiled__locals__kernel_926cd55c 4b2efd1 load on device 'cuda:0' took 29.25 ms  (cached)
Module update_gradient_cholesky__locals__kernel_0282940c df4c2e1 load on device 'cuda:0' took 18.84 ms  (cached)
Module linesearch_iterative__locals__kernel_d5d90354 cc0622d load on device 'cuda:0' took 0.47 ms  (cached)
[causal] trajectory=dense_v1_train_x2.88_family0/variant_0 saved=30 total_candidates=30 interactions=53
[causal] trajectory=dense_v1_train_x2.88_family0/variant_5 saved=2 total_candidates=32 interactions=63
[causal] trajectory=dense_v1_train_x2.88_family0/variant_10 saved=27 total_candidates=59 interactions=114
[causal] trajectory=dense_v1_train_x2.88_family0/variant_15 saved=30 total_candidates=89 interactions=161
[causal] trajectory=dense_v1_train_x2.88_family1/variant_1 saved=28 total_candidates=117 interactions=213
[causal] trajectory=dense_v1_train_x2.88_family1/variant_6 saved=30 total_candidates=147 interactions=267
[causal] trajectory=dense_v1_train_x2.88_family1/variant_11 saved=33 total_candidates=180 interactions=324
[causal] trajectory=dense_v1_train_x2.88_family2/variant_2 saved=31 total_candidates=211 interactions=378
[causal] trajectory=dense_v1_train_x2.88_family2/variant_7 saved=31 total_candidates=242 interactions=430
[causal] trajectory=dense_v1_train_x2.88_family2/variant_12 saved=27 total_candidates=269 interactions=482
[causal] trajectory=dense_v1_train_x2.88_family3/variant_3 saved=45 total_candidates=314 interactions=551
[causal] trajectory=dense_v1_train_x2.88_family3/variant_8 saved=33 total_candidates=347 interactions=609
[causal] trajectory=dense_v1_train_x2.88_family3/variant_13 saved=2 total_candidates=349 interactions=618
[causal] trajectory=dense_v1_train_x2.88_family4/variant_4 saved=27 total_candidates=376 interactions=689
[causal] trajectory=dense_v1_train_x2.88_family4/variant_9 saved=20 total_candidates=396 interactions=728
[causal] trajectory=dense_v1_train_x2.88_family4/variant_14 saved=2 total_candidates=398 interactions=738
[causal] trajectory=dense_v1_train_x2.98_family0/variant_0 saved=26 total_candidates=424 interactions=788
[causal] trajectory=dense_v1_train_x2.98_family0/variant_5 saved=25 total_candidates=449 interactions=838
[causal] trajectory=dense_v1_train_x2.98_family0/variant_10 saved=27 total_candidates=476 interactions=890
[causal] trajectory=dense_v1_train_x2.98_family0/variant_15 saved=43 total_candidates=519 interactions=967
[causal] trajectory=dense_v1_train_x2.98_family1/variant_1 saved=29 total_candidates=548 interactions=1021
[causal] trajectory=dense_v1_train_x2.98_family1/variant_6 saved=31 total_candidates=579 interactions=1077
[causal] trajectory=dense_v1_train_x2.98_family1/variant_11 saved=34 total_candidates=613 interactions=1135
[causal] trajectory=dense_v1_train_x2.98_family2/variant_2 saved=30 total_candidates=643 interactions=1191
[causal] trajectory=dense_v1_train_x2.98_family2/variant_7 saved=25 total_candidates=668 interactions=1241
[causal] trajectory=dense_v1_train_x2.98_family2/variant_12 saved=30 total_candidates=698 interactions=1294
[causal] trajectory=dense_v1_train_x2.98_family3/variant_3 saved=29 total_candidates=727 interactions=1347
[causal] trajectory=dense_v1_train_x2.98_family3/variant_8 saved=28 total_candidates=755 interactions=1399
[causal] trajectory=dense_v1_train_x2.98_family3/variant_13 saved=1 total_candidates=756 interactions=1410
[causal] trajectory=dense_v1_train_x2.98_family4/variant_4 saved=34 total_candidates=790 interactions=1473
[causal] trajectory=dense_v1_train_x2.98_family4/variant_9 saved=29 total_candidates=819 interactions=1526
[causal] trajectory=dense_v1_train_x2.98_family4/variant_14 saved=49 total_candidates=868 interactions=1598
