Warp 1.11.0 initialized:
   CUDA Toolkit 12.9, Driver 13.0
   Devices:
     "cpu"      : "x86_64"
     "cuda:0"   : "NVIDIA GeForce RTX 4090 D" (24 GiB, sm_89, mempool enabled)
   Kernel cache:
     /home/qy/.cache/warp/1.11.0
Warp DeprecationWarning: The symbol `warp.types.warp_type_to_np_dtype` will soon be removed from the public API. It can still be accessed from `warp._src.types.warp_type_to_np_dtype` but might be changed or removed without notice.
Module mujoco.mjx.warp.ffi edde159 load on device 'cuda:0' took 0.36 ms  (cached)
Module mujoco.mjx.third_party.mujoco_warp._src.smooth 9d8c26b load on device 'cuda:0' took 6.24 ms  (cached)
Module mujoco.mjx.third_party.mujoco_warp._src.collision_driver de6dc98 load on device 'cuda:0' took 0.23 ms  (cached)
Module _nxn_broadphase__locals__kernel_36c68517 36c6851 load on device 'cuda:0' took 0.26 ms  (cached)
Module ccd_kernel_builder__locals__ccd_kernel_30387cff 30387cf load on device 'cuda:0' took 0.75 ms  (cached)
Module ccd_kernel_builder__locals__ccd_kernel_9855f04a 9855f04 load on device 'cuda:0' took 0.73 ms  (cached)
Module ccd_kernel_builder__locals__ccd_kernel_927e4d05 927e4d0 load on device 'cuda:0' took 0.74 ms  (cached)
Module ccd_kernel_builder__locals__ccd_kernel_2b578852 2b57885 load on device 'cuda:0' took 1.06 ms  (cached)
Module _primitive_narrowphase__locals__primitive_narrowphase_1bf02ad9 91f16af load on device 'cuda:0' took 0.42 ms  (cached)
Module mujoco.mjx.third_party.mujoco_warp._src.constraint 2aca1f5 load on device 'cuda:0' took 1.27 ms  (cached)
Module mujoco.mjx.third_party.mujoco_warp._src.sensor a2c5a56 load on device 'cuda:0' took 1.31 ms  (cached)
Module _actuator_velocity__locals__actuator_velocity_12383059 73552e7 load on device 'cuda:0' took 0.25 ms  (cached)
Module mujoco.mjx.third_party.mujoco_warp._src.passive 45a1f12 load on device 'cuda:0' took 0.53 ms  (cached)
Module mujoco.mjx.third_party.mujoco_warp._src.forward 3875c24 load on device 'cuda:0' took 0.66 ms  (cached)
Module mujoco.mjx.third_party.mujoco_warp._src.support b7a7a89 load on device 'cuda:0' took 0.28 ms  (cached)
Module _tile_cholesky_factorize_solve__locals__cholesky_factorize_solve_be145701 4a8f693 load on device 'cuda:0' took 15.68 ms  (cached)
Module mujoco.mjx.third_party.mujoco_warp._src.solver 8800eae load on device 'cuda:0' took 0.92 ms  (cached)
Module solve_init_jaref__locals__kernel_0e441fb9 0e441fb load on device 'cuda:0' took 0.23 ms  (cached)
Module mul_m_dense__locals___mul_m_dense_a919c505 a919c50 load on device 'cuda:0' took 0.29 ms  (cached)
Module update_constraint_gauss_cost__locals__kernel_9283aa6c 9283aa6 load on device 'cuda:0' took 0.21 ms  (cached)
Module update_gradient_JTDAJ_dense_tiled__locals__kernel_926cd55c 4b2efd1 load on device 'cuda:0' took 26.33 ms  (cached)
Module update_gradient_cholesky__locals__kernel_0282940c df4c2e1 load on device 'cuda:0' took 16.28 ms  (cached)
Module linesearch_iterative__locals__kernel_d5d90354 cc0622d load on device 'cuda:0' took 0.47 ms  (cached)
2026-09-10 12:07:32.659544: W external/xla/xla/service/gpu/autotuning/dot_search_space.cc:200] All configs were filtered out because none of them sufficiently match the hints. Maybe the hints set does not contain a good representative set of valid configs?Working around this by using the full hints set instead.
2026-09-10 12:07:32.659590: W external/xla/xla/service/gpu/autotuning/dot_search_space.cc:200] All configs were filtered out because none of them sufficiently match the hints. Maybe the hints set does not contain a good representative set of valid configs?Working around this by using the full hints set instead.
2026-09-10 12:07:32.659705: W external/xla/xla/service/gpu/autotuning/dot_search_space.cc:200] All configs were filtered out because none of them sufficiently match the hints. Maybe the hints set does not contain a good representative set of valid configs?Working around this by using the full hints set instead.
2026-09-10 12:07:32.659725: W external/xla/xla/service/gpu/autotuning/dot_search_space.cc:200] All configs were filtered out because none of them sufficiently match the hints. Maybe the hints set does not contain a good representative set of valid configs?Working around this by using the full hints set instead.
{
  "formal_report": {
    "brax_evaluation_transitions": 0,
    "checkpoint_restored": true,
    "checkpoint_transitions": [
      0,
      128000
    ],
    "completed_training_transitions": 128000,
    "expert_switching_used": false,
    "final_metrics": {
      "training/entropy_loss": 0.004256445914506912,
      "training/kl_mean": 0.09619830548763275,
      "training/learning_rate": 9.999999747378752e-05,
      "training/policy_dist_max_loc": 2.271395206451416,
      "training/policy_dist_max_std": 0.8604270219802856,
      "training/policy_dist_mean_loc": -0.12749215960502625,
      "training/policy_dist_mean_std": 0.1911158561706543,
      "training/policy_dist_min_loc": -2.273449420928955,
      "training/policy_dist_min_std": 0.02117280662059784,
      "training/policy_loss": 0.054594382643699646,
      "training/sps": 8559.591183637653,
      "training/total_loss": 7.50728178024292,
      "training/v_loss": 7.448431015014648,
      "training/walltime": 25.65624690055847
    },
    "requested_training_transitions": 128000,
    "reset_mixture": {
      "natural_reset_probability": 0.2,
      "selection": "fixed_jump_start_20pct_exact_snapshot_80pct",
      "soft_tube_probability": 0.8
    },
    "schema": "jit_pi_unified_formal_report_v1",
    "status": "completed",
    "test_data_used": false,
    "train_panel_interactions": 63,
    "train_panel_transitions": [
      128000
    ],
    "validation_data_used": false
  },
  "run_dir": "/home/qy/DVGC/JIT/runs/campaign/all_proposers_v1/round_000/training_attempt_000/training/pi_5_campaign_r0_attempt000"
}
