Warp 1.11.0 initialized:
   CUDA Toolkit 12.9, Driver 13.0
   Devices:
     "cpu"      : "x86_64"
     "cuda:0"   : "NVIDIA GeForce RTX 4090 D" (24 GiB, sm_89, mempool enabled)
   Kernel cache:
     /home/qy/.cache/warp/1.11.0
Warp DeprecationWarning: The symbol `warp.types.warp_type_to_np_dtype` will soon be removed from the public API. It can still be accessed from `warp._src.types.warp_type_to_np_dtype` but might be changed or removed without notice.
Module mujoco.mjx.warp.ffi edde159 load on device 'cuda:0' took 0.36 ms  (cached)
Module mujoco.mjx.third_party.mujoco_warp._src.smooth 9d8c26b load on device 'cuda:0' took 6.30 ms  (cached)
Module mujoco.mjx.third_party.mujoco_warp._src.collision_driver de6dc98 load on device 'cuda:0' took 0.26 ms  (cached)
Module _nxn_broadphase__locals__kernel_36c68517 36c6851 load on device 'cuda:0' took 0.29 ms  (cached)
Module ccd_kernel_builder__locals__ccd_kernel_30387cff 30387cf load on device 'cuda:0' took 0.84 ms  (cached)
Module ccd_kernel_builder__locals__ccd_kernel_9855f04a 9855f04 load on device 'cuda:0' took 0.81 ms  (cached)
Module ccd_kernel_builder__locals__ccd_kernel_927e4d05 927e4d0 load on device 'cuda:0' took 0.80 ms  (cached)
Module ccd_kernel_builder__locals__ccd_kernel_2b578852 2b57885 load on device 'cuda:0' took 1.16 ms  (cached)
Module _primitive_narrowphase__locals__primitive_narrowphase_1bf02ad9 91f16af load on device 'cuda:0' took 0.46 ms  (cached)
Module mujoco.mjx.third_party.mujoco_warp._src.constraint 2aca1f5 load on device 'cuda:0' took 1.31 ms  (cached)
Module mujoco.mjx.third_party.mujoco_warp._src.sensor a2c5a56 load on device 'cuda:0' took 1.41 ms  (cached)
Module _actuator_velocity__locals__actuator_velocity_12383059 73552e7 load on device 'cuda:0' took 0.27 ms  (cached)
Module mujoco.mjx.third_party.mujoco_warp._src.passive 45a1f12 load on device 'cuda:0' took 0.54 ms  (cached)
Module mujoco.mjx.third_party.mujoco_warp._src.forward 3875c24 load on device 'cuda:0' took 0.68 ms  (cached)
Module mujoco.mjx.third_party.mujoco_warp._src.support b7a7a89 load on device 'cuda:0' took 0.27 ms  (cached)
Module _tile_cholesky_factorize_solve__locals__cholesky_factorize_solve_be145701 4a8f693 load on device 'cuda:0' took 15.78 ms  (cached)
Module mujoco.mjx.third_party.mujoco_warp._src.solver 8800eae load on device 'cuda:0' took 0.82 ms  (cached)
Module solve_init_jaref__locals__kernel_0e441fb9 0e441fb load on device 'cuda:0' took 0.25 ms  (cached)
Module mul_m_dense__locals___mul_m_dense_a919c505 a919c50 load on device 'cuda:0' took 0.26 ms  (cached)
Module update_constraint_gauss_cost__locals__kernel_9283aa6c 9283aa6 load on device 'cuda:0' took 0.21 ms  (cached)
Module update_gradient_JTDAJ_dense_tiled__locals__kernel_926cd55c 4b2efd1 load on device 'cuda:0' took 26.28 ms  (cached)
Module update_gradient_cholesky__locals__kernel_0282940c df4c2e1 load on device 'cuda:0' took 16.34 ms  (cached)
Module linesearch_iterative__locals__kernel_d5d90354 cc0622d load on device 'cuda:0' took 0.57 ms  (cached)
2026-09-11 12:43:46.235677: W external/xla/xla/service/gpu/autotuning/dot_search_space.cc:200] All configs were filtered out because none of them sufficiently match the hints. Maybe the hints set does not contain a good representative set of valid configs?Working around this by using the full hints set instead.
2026-09-11 12:43:46.235730: W external/xla/xla/service/gpu/autotuning/dot_search_space.cc:200] All configs were filtered out because none of them sufficiently match the hints. Maybe the hints set does not contain a good representative set of valid configs?Working around this by using the full hints set instead.
2026-09-11 12:43:46.235849: W external/xla/xla/service/gpu/autotuning/dot_search_space.cc:200] All configs were filtered out because none of them sufficiently match the hints. Maybe the hints set does not contain a good representative set of valid configs?Working around this by using the full hints set instead.
2026-09-11 12:43:46.235869: W external/xla/xla/service/gpu/autotuning/dot_search_space.cc:200] All configs were filtered out because none of them sufficiently match the hints. Maybe the hints set does not contain a good representative set of valid configs?Working around this by using the full hints set instead.
{
  "formal_report": {
    "brax_evaluation_transitions": 0,
    "checkpoint_evaluation": {
      "automatic_extension": false,
      "checkpoint_resume_supported": false,
      "checkpoint_transitions": [
        0,
        32000,
        64000,
        128000
      ],
      "final_test_used": false,
      "horizon": 400,
      "maximum_panel_interactions": 4800,
      "maximum_total_interactions": 132800,
      "maximum_training_transitions": 128000,
      "optimizer_continuation": "same_live_trainer_only",
      "role": "train",
      "samples_per_phase": 2,
      "schema": "jit_probe_checkpoint_evaluation_v1",
      "train_panel_transitions": [
        32000,
        64000,
        128000
      ]
    },
    "checkpoint_restored": true,
    "checkpoint_transitions": [
      0,
      32000,
      64000,
      128000
    ],
    "completed_training_transitions": 128000,
    "expert_switching_used": false,
    "final_metrics": {
      "training/entropy_loss": 0.0040268381126224995,
      "training/kl_mean": 0.11982081085443497,
      "training/learning_rate": 9.999999747378752e-05,
      "training/policy_dist_max_loc": 1.8508416414260864,
      "training/policy_dist_max_std": 1.1251521110534668,
      "training/policy_dist_mean_loc": -0.14658907055854797,
      "training/policy_dist_mean_std": 0.2217613309621811,
      "training/policy_dist_min_loc": -3.0486271381378174,
      "training/policy_dist_min_std": 0.024768715724349022,
      "training/policy_loss": 0.03677818179130554,
      "training/sps": 9300.595311927234,
      "training/total_loss": 21.929096221923828,
      "training/v_loss": 21.888290405273438,
      "training/walltime": 26.796419858932495
    },
    "fixed_train_panel": {
      "deterministic_policy": true,
      "final_test_used": false,
      "horizon": 400,
      "panel_sha256": "4223c1d94fdab2d9178342bb5c3135f93b83c12bd51ba5abeee02acbe2f15387",
      "reset_contract": "fresh episode and phase clocks; preserve saved event and controller context",
      "rng_contract": "1100000 + phase_index*10000 + ordinal*horizon + tick",
      "role": "train",
      "samples_per_phase": 2,
      "schema": "jit_probe_fixed_train_panel_v1",
      "selected_entries": [
        {
          "entry": {
            "coordinates": {
              "frontwheel_tangent_mps": -0.6956095790863038,
              "hip_deg": 17.126088041876258,
              "hip_rate_degps": 139.55921991449787,
              "knee_deg": -62.07156389397113,
              "knee_rate_degps": -281.7006338258541,
              "pitch_deg": 11.900988065853983,
              "rearwheel_tangent_mps": 0.5570788717269898,
              "roll_deg": 2.286794245946811,
              "root_vx_mps": 2.107954978942871,
              "root_vy_mps": -0.15035788714885712,
              "root_vz_mps": 1.0133264064788818,
              "root_wx_degps": -14.983032519967423,
              "root_wy_degps": -5.046855806026394,
              "root_wz_degps": 10.733339191030618,
              "root_x_m": 4.05471658706665,
              "root_y_m": -0.01772826910018921,
              "root_z_m": 1.18411386013031,
              "steering_deg": 41.225775320673435,
              "steering_rate_degps": 31.948015182343298,
              "yaw_deg": 19.77053192181905
            },
            "key": "0000eda50db5e5cba88f9e292f2796b5703e85662828ad6462e4b3820b07c049",
            "labels": {
              "pi_0": 1,
              "pi_1": 1,
              "pi_2": 1,
              "pi_3": 1,
              "pi_4": 1,
              "pi_5": 1
            },
            "phase": "upstream",
            "root_cell": "a9ba756c1e01f078cac79109b5dea02254488a60a61a396e525b1a5d9878313d",
            "sampling_weight": 2.0,
            "snapshot": "/home/qy/DVGC/JIT/runs/campaign/all_proposers_v1/round_001/proposers/pi_3/tasks/acquire/attempt_0000/result/boundary_bank/snapshots/candidate_000843",
            "snapshot_context_sha256": "b0c240eb3d5eaf8588b1e793086e25279b613eb83bd5230308fe85f95c487353",
            "source": "/home/qy/DVGC/JIT/runs/campaign/all_proposers_v1/round_001/proposers/pi_3",
            "state_sha256": "1046eff97394430628c38f2c6f85dbb0d9d6e9357715cdcc1bba62122ee320e1",
            "trajectory_id": "/home/qy/DVGC/JIT/runs/campaign/all_proposers_v1/round_001/proposers/pi_3/tasks/acquire/attempt_0000/result/catalog.json::dense_v1_train_x2.98_family4/variant_14",
            "witnessed": true
          },
          "entry_index": 0,
          "phase": "upstream"
        },
        {
          "entry": {
            "coordinates": {
              "frontwheel_tangent_mps": 1.4362926864624024,
              "hip_deg": -58.466637861362585,
              "hip_rate_degps": 526.7795418505274,
              "knee_deg": 121.22924614460976,
              "knee_rate_degps": -682.8122627977472,
              "pitch_deg": -0.39534221656862895,
              "rearwheel_tangent_mps": 0.6462023735046387,
              "roll_deg": -0.2900217763436764,
              "root_vx_mps": 0.8841286897659302,
              "root_vy_mps": 0.07165530323982239,
              "root_vz_mps": 0.03217368572950363,
              "root_wx_degps": 10.98647283186046,
              "root_wy_degps": 27.907364061822964,
              "root_wz_degps": 40.743304418082076,
              "root_x_m": 2.837596893310547,
              "root_y_m": 0.0004958502831868827,
              "root_z_m": 0.11746887117624283,
              "steering_deg": -0.8844806826560903,
              "steering_rate_degps": 2.8524931837328946,
              "yaw_deg": 1.201656647819671
            },
            "key": "fb6979907a0bfa1f0b91d964d389d4808d310a808e7c083a2323a9e47bbde64f",
            "labels": {
              "pi_0": 1,
              "pi_1": 1,
              "pi_2": 1,
              "pi_3": 1,
              "pi_4": 1
            },
            "phase": "upstream",
            "root_cell": "4a48d799836ce8d59fcbb2b8e9f8c1825cddbb9fbac63fd4edcb96414e6a6253",
            "sampling_weight": 1.0,
            "snapshot": "/home/qy/DVGC/JIT/runs/discovery/pi2_pi4_paired_v1/pi_2/tasks/acquire/attempt_0000/result/boundary_bank/snapshots/candidate_000606",
            "snapshot_context_sha256": "0e49aede53313abcb3419b6bd1252953398241164591dc5542e4104d2aec2d7e",
            "source": "/home/qy/DVGC/JIT/runs/discovery/pi2_pi4_paired_v1/pi_2",
            "state_sha256": "a924f717503bcf95fe398c2650506f59b3a1edc5d3fba6266fef90738480113d",
            "trajectory_id": "/home/qy/DVGC/JIT/runs/discovery/pi2_pi4_paired_v1/pi_2/tasks/acquire/attempt_0000/result/catalog.json::dense_v1_train_x2.95_family3/variant_13",
            "witnessed": true
          },
          "entry_index": 511,
          "phase": "upstream"
        },
        {
          "entry": {
            "coordinates": {
              "frontwheel_tangent_mps": 1.6128839111328126,
              "hip_deg": -52.560440097363745,
              "hip_rate_degps": 10.026278861924546,
              "knee_deg": 133.3467940341561,
              "knee_rate_degps": 184.31053739415137,
              "pitch_deg": 19.345847783214424,
              "rearwheel_tangent_mps": 0.4728743410110474,
              "roll_deg": -20.109521206223196,
              "root_vx_mps": 2.407317638397217,
              "root_vy_mps": 0.23964612185955048,
              "root_vz_mps": -2.0831387042999268,
              "root_wx_degps": -24.258168158108987,
              "root_wy_degps": -13.89024408767405,
              "root_wz_degps": 81.66329216961404,
              "root_x_m": 5.553652763366699,
              "root_y_m": -0.0067367409355938435,
              "root_z_m": 0.43573054671287537,
              "steering_deg": 28.732041102210303,
              "steering_rate_degps": 55.87641156204031,
              "yaw_deg": 28.309331388917723
            },
            "key": "00041330dd4ca210ac1ee2f310580f0e794d9e45b8906ebe59e9626817dba346",
            "labels": {
              "pi_0": 1,
              "pi_1": 1,
              "pi_2": 1,
              "pi_3": 1,
              "pi_4": 1,
              "pi_5": 1
            },
            "phase": "downstream",
            "root_cell": "ad4ca5d610c169c2826b1d3b0505109adcd8081e9b413b0e5f6ef613364605fb",
            "sampling_weight": 0.5,
            "snapshot": "/home/qy/DVGC/JIT/runs/campaign/all_proposers_v1/round_000/discovery/tasks/acquire/attempt_0000/result/boundary_bank/snapshots/candidate_000329",
            "snapshot_context_sha256": "eab1788089e7dd20ef1ecd94f2bb8a04decab75f48e6382134f0ec33015dde67",
            "source": "/home/qy/DVGC/JIT/runs/campaign/all_proposers_v1/round_000/discovery",
            "state_sha256": "5fe24643cfc1b0015a4ad838e1f8e8b09291032fbd0ee52ccbecd7a949692ee1",
            "trajectory_id": "/home/qy/DVGC/JIT/runs/campaign/all_proposers_v1/round_000/discovery/tasks/acquire/attempt_0000/result/catalog.json::dense_v1_train_x2.88_family2/variant_7",
            "witnessed": true
          },
          "entry_index": 0,
          "phase": "downstream"
        },
        {
          "entry": {
            "coordinates": {
              "frontwheel_tangent_mps": 0.40627735614776617,
              "hip_deg": -68.6773950101273,
              "hip_rate_degps": 2.5399035999517374,
              "knee_deg": 141.21253550499117,
              "knee_rate_degps": 49.73166602618419,
              "pitch_deg": 10.05120814652507,
              "rearwheel_tangent_mps": 0.7108489799499512,
              "roll_deg": -5.744346787145005,
              "root_vx_mps": 2.084625005722046,
              "root_vy_mps": 0.000738366914447397,
              "root_vz_mps": -2.0587363243103027,
              "root_wx_degps": -12.594959329510015,
              "root_wy_degps": -24.95532044405031,
              "root_wz_degps": -11.680279178882126,
              "root_x_m": 4.0038933753967285,
              "root_y_m": 0.011374495923519135,
              "root_z_m": 0.39272910356521606,
              "steering_deg": 32.10865440143283,
              "steering_rate_degps": 27.948879659145593,
              "yaw_deg": -13.534370472269229
            },
            "key": "9e16f5e38324c72c16b427316eff53934985df2d4411b47d88789b30fa525c44",
            "labels": {
              "pi_0": 1,
              "pi_1": 1,
              "pi_2": 1,
              "pi_3": 1,
              "pi_4": 1,
              "pi_5": 1
            },
            "phase": "downstream",
            "root_cell": "0c77f243b352229eef17c0ddc0abf17d4bc7ca051fa66fc0ace0b6206abaa149",
            "sampling_weight": 2.0,
            "snapshot": "/home/qy/DVGC/JIT/runs/campaign/all_proposers_v1/round_001/proposers/pi_5/tasks/acquire/attempt_0000/result/boundary_bank/snapshots/candidate_000246",
            "snapshot_context_sha256": "cad084625a9d9eb57ee0e63b05accc7c4332ec862e58ff74d508ee9fb144223b",
            "source": "/home/qy/DVGC/JIT/runs/campaign/all_proposers_v1/round_001/proposers/pi_5",
            "state_sha256": "3d89fd2184798e5b58d15496158cb771cce15e871463e6eafefee0623741cd69",
            "trajectory_id": "/home/qy/DVGC/JIT/runs/campaign/all_proposers_v1/round_001/proposers/pi_5/tasks/acquire/attempt_0000/result/catalog.json::dense_v1_train_x2.88_family1/variant_11",
            "witnessed": true
          },
          "entry_index": 511,
          "phase": "downstream"
        }
      ],
      "success_criterion": "first_valid_landing",
      "support_sha256": "0220342253aae21aaa63bdef7f75c73f3480dbc971851e87156e0af01b57aa11"
    },
    "requested_training_transitions": 128000,
    "reset_mixture": {
      "natural_reset_probability": 0.2,
      "selection": "fixed_jump_start_20pct_exact_snapshot_80pct",
      "soft_tube_probability": 0.8
    },
    "schema": "jit_pi_unified_formal_report_v1",
    "status": "completed",
    "test_data_used": false,
    "train_panel_interactions": 225,
    "train_panel_transitions": [
      32000,
      64000,
      128000
    ],
    "validation_data_used": false
  },
  "run_dir": "/home/qy/DVGC/JIT/runs/experiments/multicheckpoint_pi6_20260911/training/pi6_multicheckpoint_train_20260911"
}
