Warp 1.11.0 initialized:
   CUDA Toolkit 12.9, Driver 13.0
   Devices:
     "cpu"      : "x86_64"
     "cuda:0"   : "NVIDIA GeForce RTX 4090 D" (24 GiB, sm_89, mempool enabled)
   Kernel cache:
     /home/qy/.cache/warp/1.11.0
Warp DeprecationWarning: The symbol `warp.types.warp_type_to_np_dtype` will soon be removed from the public API. It can still be accessed from `warp._src.types.warp_type_to_np_dtype` but might be changed or removed without notice.
[frontier-shard] warp_memory_maintenance=enabled device=cuda:0 step_interval=64 mempool_supported=True mempool_enabled=True
Module mujoco.mjx.warp.ffi edde159 load on device 'cuda:0' took 0.98 ms  (cached)
Module mujoco.mjx.third_party.mujoco_warp._src.smooth 9d8c26b load on device 'cuda:0' took 7.99 ms  (cached)
Module mujoco.mjx.third_party.mujoco_warp._src.collision_driver de6dc98 load on device 'cuda:0' took 0.67 ms  (cached)
Module _nxn_broadphase__locals__kernel_36c68517 36c6851 load on device 'cuda:0' took 0.71 ms  (cached)
Module ccd_kernel_builder__locals__ccd_kernel_30387cff 30387cf load on device 'cuda:0' took 1.96 ms  (cached)
Module ccd_kernel_builder__locals__ccd_kernel_9855f04a 9855f04 load on device 'cuda:0' took 1.87 ms  (cached)
Module ccd_kernel_builder__locals__ccd_kernel_927e4d05 927e4d0 load on device 'cuda:0' took 1.80 ms  (cached)
Module ccd_kernel_builder__locals__ccd_kernel_2b578852 2b57885 load on device 'cuda:0' took 2.49 ms  (cached)
Module _primitive_narrowphase__locals__primitive_narrowphase_1bf02ad9 91f16af load on device 'cuda:0' took 1.24 ms  (cached)
Module mujoco.mjx.third_party.mujoco_warp._src.constraint 2aca1f5 load on device 'cuda:0' took 2.67 ms  (cached)
Module mujoco.mjx.third_party.mujoco_warp._src.sensor a2c5a56 load on device 'cuda:0' took 2.66 ms  (cached)
Module _actuator_velocity__locals__actuator_velocity_12383059 73552e7 load on device 'cuda:0' took 0.71 ms  (cached)
Module mujoco.mjx.third_party.mujoco_warp._src.passive 45a1f12 load on device 'cuda:0' took 1.34 ms  (cached)
Module mujoco.mjx.third_party.mujoco_warp._src.forward 3875c24 load on device 'cuda:0' took 1.42 ms  (cached)
Module mujoco.mjx.third_party.mujoco_warp._src.support b7a7a89 load on device 'cuda:0' took 0.82 ms  (cached)
Module _tile_cholesky_factorize_solve__locals__cholesky_factorize_solve_be145701 4a8f693 load on device 'cuda:0' took 17.82 ms  (cached)
Module mujoco.mjx.third_party.mujoco_warp._src.solver 8800eae load on device 'cuda:0' took 1.81 ms  (cached)
Module solve_init_jaref__locals__kernel_0e441fb9 0e441fb load on device 'cuda:0' took 0.68 ms  (cached)
Module mul_m_dense__locals___mul_m_dense_a919c505 a919c50 load on device 'cuda:0' took 0.76 ms  (cached)
Module update_constraint_gauss_cost__locals__kernel_9283aa6c 9283aa6 load on device 'cuda:0' took 0.65 ms  (cached)
Module update_gradient_JTDAJ_dense_tiled__locals__kernel_926cd55c 4b2efd1 load on device 'cuda:0' took 32.05 ms  (cached)
Module update_gradient_cholesky__locals__kernel_0282940c df4c2e1 load on device 'cuda:0' took 20.72 ms  (cached)
Module linesearch_iterative__locals__kernel_d5d90354 cc0622d load on device 'cuda:0' took 1.28 ms  (cached)
[causal] trajectory=dense_v1_train_x2.85_family0/variant_0 saved=27 total_candidates=27 interactions=44
[causal] trajectory=dense_v1_train_x2.85_family0/variant_5 saved=2 total_candidates=29 interactions=53
[causal] trajectory=dense_v1_train_x2.85_family1/variant_1 saved=2 total_candidates=31 interactions=63
[causal] trajectory=dense_v1_train_x2.85_family1/variant_6 saved=2 total_candidates=33 interactions=72
[causal] trajectory=dense_v1_train_x2.85_family2/variant_2 saved=29 total_candidates=62 interactions=120
[causal] trajectory=dense_v1_train_x2.85_family2/variant_7 saved=25 total_candidates=87 interactions=162
[causal] trajectory=dense_v1_train_x2.85_family3/variant_3 saved=3 total_candidates=90 interactions=172
[causal] trajectory=dense_v1_train_x2.85_family4/variant_4 saved=25 total_candidates=115 interactions=219
[causal] trajectory=dense_v1_train_x2.95_family0/variant_0 saved=25 total_candidates=140 interactions=261
[causal] trajectory=dense_v1_train_x2.95_family0/variant_5 saved=1 total_candidates=141 interactions=271
[causal] trajectory=dense_v1_train_x2.95_family1/variant_1 saved=1 total_candidates=142 interactions=281
[causal] trajectory=dense_v1_train_x2.95_family1/variant_6 saved=27 total_candidates=169 interactions=330
[causal] trajectory=dense_v1_train_x2.95_family2/variant_2 saved=23 total_candidates=192 interactions=375
[causal] trajectory=dense_v1_train_x2.95_family2/variant_7 saved=22 total_candidates=214 interactions=418
[causal] trajectory=dense_v1_train_x2.95_family3/variant_3 saved=21 total_candidates=235 interactions=460
[causal] trajectory=dense_v1_train_x2.95_family4/variant_4 saved=25 total_candidates=260 interactions=500
