Warp 1.11.0 initialized:
   CUDA Toolkit 12.9, Driver 13.0
   Devices:
     "cpu"      : "x86_64"
     "cuda:0"   : "NVIDIA GeForce RTX 4090 D" (24 GiB, sm_89, mempool enabled)
   Kernel cache:
     /home/qy/.cache/warp/1.11.0
Warp DeprecationWarning: The symbol `warp.types.warp_type_to_np_dtype` will soon be removed from the public API. It can still be accessed from `warp._src.types.warp_type_to_np_dtype` but might be changed or removed without notice.
[frontier-shard] warp_memory_maintenance=enabled device=cuda:0 step_interval=64 mempool_supported=True mempool_enabled=True
Module mujoco.mjx.warp.ffi edde159 load on device 'cuda:0' took 0.36 ms  (cached)
Module mujoco.mjx.third_party.mujoco_warp._src.smooth 9d8c26b load on device 'cuda:0' took 6.20 ms  (cached)
Module mujoco.mjx.third_party.mujoco_warp._src.collision_driver de6dc98 load on device 'cuda:0' took 0.22 ms  (cached)
Module _nxn_broadphase__locals__kernel_36c68517 36c6851 load on device 'cuda:0' took 0.23 ms  (cached)
Module ccd_kernel_builder__locals__ccd_kernel_30387cff 30387cf load on device 'cuda:0' took 0.79 ms  (cached)
Module ccd_kernel_builder__locals__ccd_kernel_9855f04a 9855f04 load on device 'cuda:0' took 0.77 ms  (cached)
Module ccd_kernel_builder__locals__ccd_kernel_927e4d05 927e4d0 load on device 'cuda:0' took 0.75 ms  (cached)
Module ccd_kernel_builder__locals__ccd_kernel_2b578852 2b57885 load on device 'cuda:0' took 1.09 ms  (cached)
Module _primitive_narrowphase__locals__primitive_narrowphase_1bf02ad9 91f16af load on device 'cuda:0' took 0.44 ms  (cached)
Module mujoco.mjx.third_party.mujoco_warp._src.constraint 2aca1f5 load on device 'cuda:0' took 1.25 ms  (cached)
Module mujoco.mjx.third_party.mujoco_warp._src.sensor a2c5a56 load on device 'cuda:0' took 1.30 ms  (cached)
Module _actuator_velocity__locals__actuator_velocity_12383059 73552e7 load on device 'cuda:0' took 0.24 ms  (cached)
Module mujoco.mjx.third_party.mujoco_warp._src.passive 45a1f12 load on device 'cuda:0' took 0.51 ms  (cached)
Module mujoco.mjx.third_party.mujoco_warp._src.forward 3875c24 load on device 'cuda:0' took 0.54 ms  (cached)
Module mujoco.mjx.third_party.mujoco_warp._src.support b7a7a89 load on device 'cuda:0' took 0.22 ms  (cached)
Module _tile_cholesky_factorize_solve__locals__cholesky_factorize_solve_be145701 4a8f693 load on device 'cuda:0' took 15.05 ms  (cached)
Module mujoco.mjx.third_party.mujoco_warp._src.solver 8800eae load on device 'cuda:0' took 0.74 ms  (cached)
Module solve_init_jaref__locals__kernel_0e441fb9 0e441fb load on device 'cuda:0' took 0.20 ms  (cached)
Module mul_m_dense__locals___mul_m_dense_a919c505 a919c50 load on device 'cuda:0' took 0.25 ms  (cached)
Module update_constraint_gauss_cost__locals__kernel_9283aa6c 9283aa6 load on device 'cuda:0' took 0.20 ms  (cached)
Module update_gradient_JTDAJ_dense_tiled__locals__kernel_926cd55c 4b2efd1 load on device 'cuda:0' took 28.56 ms  (cached)
Module update_gradient_cholesky__locals__kernel_0282940c df4c2e1 load on device 'cuda:0' took 18.35 ms  (cached)
Module linesearch_iterative__locals__kernel_d5d90354 cc0622d load on device 'cuda:0' took 0.50 ms  (cached)
[causal] trajectory=dense_v1_train_x2.85_family0/variant_0 saved=29 total_candidates=29 interactions=45
[causal] trajectory=dense_v1_train_x2.85_family0/variant_5 saved=27 total_candidates=56 interactions=89
[causal] trajectory=dense_v1_train_x2.85_family0/variant_10 saved=28 total_candidates=84 interactions=134
[causal] trajectory=dense_v1_train_x2.85_family0/variant_15 saved=27 total_candidates=111 interactions=178
[causal] trajectory=dense_v1_train_x2.85_family1/variant_1 saved=29 total_candidates=140 interactions=224
[causal] trajectory=dense_v1_train_x2.85_family1/variant_6 saved=29 total_candidates=169 interactions=271
[causal] trajectory=dense_v1_train_x2.85_family1/variant_11 saved=29 total_candidates=198 interactions=314
[causal] trajectory=dense_v1_train_x2.85_family2/variant_2 saved=27 total_candidates=225 interactions=360
[causal] trajectory=dense_v1_train_x2.85_family2/variant_7 saved=31 total_candidates=256 interactions=406
[causal] trajectory=dense_v1_train_x2.85_family2/variant_12 saved=28 total_candidates=284 interactions=452
[causal] trajectory=dense_v1_train_x2.85_family3/variant_3 saved=30 total_candidates=314 interactions=497
[causal] trajectory=dense_v1_train_x2.85_family3/variant_8 saved=30 total_candidates=344 interactions=540
[causal] trajectory=dense_v1_train_x2.85_family3/variant_13 saved=24 total_candidates=368 interactions=581
[causal] trajectory=dense_v1_train_x2.85_family4/variant_4 saved=28 total_candidates=396 interactions=626
[causal] trajectory=dense_v1_train_x2.85_family4/variant_9 saved=27 total_candidates=423 interactions=671
[causal] trajectory=dense_v1_train_x2.85_family4/variant_14 saved=4 total_candidates=427 interactions=685
[causal] trajectory=dense_v1_train_x2.95_family0/variant_0 saved=26 total_candidates=453 interactions=730
[causal] trajectory=dense_v1_train_x2.95_family0/variant_5 saved=23 total_candidates=476 interactions=773
[causal] trajectory=dense_v1_train_x2.95_family0/variant_10 saved=25 total_candidates=501 interactions=817
[causal] trajectory=dense_v1_train_x2.95_family0/variant_15 saved=36 total_candidates=537 interactions=873
[causal] trajectory=dense_v1_train_x2.95_family1/variant_1 saved=28 total_candidates=565 interactions=920
[causal] trajectory=dense_v1_train_x2.95_family1/variant_6 saved=28 total_candidates=593 interactions=965
[causal] trajectory=dense_v1_train_x2.95_family1/variant_11 saved=27 total_candidates=620 interactions=1010
[causal] trajectory=dense_v1_train_x2.95_family2/variant_2 saved=27 total_candidates=647 interactions=1056
[causal] trajectory=dense_v1_train_x2.95_family2/variant_7 saved=25 total_candidates=672 interactions=1100
[causal] trajectory=dense_v1_train_x2.95_family2/variant_12 saved=28 total_candidates=700 interactions=1141
[causal] trajectory=dense_v1_train_x2.95_family3/variant_3 saved=29 total_candidates=729 interactions=1188
[causal] trajectory=dense_v1_train_x2.95_family3/variant_8 saved=25 total_candidates=754 interactions=1231
[causal] trajectory=dense_v1_train_x2.95_family3/variant_13 saved=1 total_candidates=755 interactions=1241
[causal] trajectory=dense_v1_train_x2.95_family4/variant_4 saved=29 total_candidates=784 interactions=1287
[causal] trajectory=dense_v1_train_x2.95_family4/variant_9 saved=28 total_candidates=812 interactions=1335
[causal] trajectory=dense_v1_train_x2.95_family4/variant_14 saved=3 total_candidates=815 interactions=1349
