Warp 1.11.0 initialized:
   CUDA Toolkit 12.9, Driver 13.0
   Devices:
     "cpu"      : "x86_64"
     "cuda:0"   : "NVIDIA GeForce RTX 4090 D" (24 GiB, sm_89, mempool enabled)
   Kernel cache:
     /home/qy/.cache/warp/1.11.0
Warp DeprecationWarning: The symbol `warp.types.warp_type_to_np_dtype` will soon be removed from the public API. It can still be accessed from `warp._src.types.warp_type_to_np_dtype` but might be changed or removed without notice.
[frontier-shard] warp_memory_maintenance=enabled device=cuda:0 step_interval=64 mempool_supported=True mempool_enabled=True
Module mujoco.mjx.warp.ffi edde159 load on device 'cuda:0' took 0.61 ms  (cached)
Module mujoco.mjx.third_party.mujoco_warp._src.smooth 9d8c26b load on device 'cuda:0' took 6.67 ms  (cached)
Module mujoco.mjx.third_party.mujoco_warp._src.collision_driver de6dc98 load on device 'cuda:0' took 0.42 ms  (cached)
Module _nxn_broadphase__locals__kernel_36c68517 36c6851 load on device 'cuda:0' took 0.89 ms  (cached)
Module ccd_kernel_builder__locals__ccd_kernel_30387cff 30387cf load on device 'cuda:0' took 1.70 ms  (cached)
Module ccd_kernel_builder__locals__ccd_kernel_9855f04a 9855f04 load on device 'cuda:0' took 1.49 ms  (cached)
Module ccd_kernel_builder__locals__ccd_kernel_927e4d05 927e4d0 load on device 'cuda:0' took 1.69 ms  (cached)
Module ccd_kernel_builder__locals__ccd_kernel_2b578852 2b57885 load on device 'cuda:0' took 2.63 ms  (cached)
Module _primitive_narrowphase__locals__primitive_narrowphase_1bf02ad9 91f16af load on device 'cuda:0' took 1.16 ms  (cached)
Module mujoco.mjx.third_party.mujoco_warp._src.constraint 2aca1f5 load on device 'cuda:0' took 2.60 ms  (cached)
Module mujoco.mjx.third_party.mujoco_warp._src.sensor a2c5a56 load on device 'cuda:0' took 2.71 ms  (cached)
Module _actuator_velocity__locals__actuator_velocity_12383059 73552e7 load on device 'cuda:0' took 0.91 ms  (cached)
Module mujoco.mjx.third_party.mujoco_warp._src.passive 45a1f12 load on device 'cuda:0' took 1.40 ms  (cached)
Module mujoco.mjx.third_party.mujoco_warp._src.forward 3875c24 load on device 'cuda:0' took 1.44 ms  (cached)
Module mujoco.mjx.third_party.mujoco_warp._src.support b7a7a89 load on device 'cuda:0' took 0.92 ms  (cached)
Module _tile_cholesky_factorize_solve__locals__cholesky_factorize_solve_be145701 4a8f693 load on device 'cuda:0' took 21.71 ms  (cached)
Module mujoco.mjx.third_party.mujoco_warp._src.solver 8800eae load on device 'cuda:0' took 1.29 ms  (cached)
Module solve_init_jaref__locals__kernel_0e441fb9 0e441fb load on device 'cuda:0' took 1.37 ms  (cached)
Module mul_m_dense__locals___mul_m_dense_a919c505 a919c50 load on device 'cuda:0' took 1.04 ms  (cached)
Module update_constraint_gauss_cost__locals__kernel_9283aa6c 9283aa6 load on device 'cuda:0' took 0.28 ms  (cached)
Module update_gradient_JTDAJ_dense_tiled__locals__kernel_926cd55c 4b2efd1 load on device 'cuda:0' took 33.86 ms  (cached)
Module update_gradient_cholesky__locals__kernel_0282940c df4c2e1 load on device 'cuda:0' took 21.92 ms  (cached)
Module linesearch_iterative__locals__kernel_d5d90354 cc0622d load on device 'cuda:0' took 1.59 ms  (cached)
[labels] completed=0/738 elapsed=7.3s backend=serial
{
  "batch_size": 1,
  "candidate_count": 16,
  "candidate_start_index": 0,
  "candidate_stop_index_exclusive": 738,
  "device_batch_seconds": [],
  "device_compile_seconds": [],
  "elapsed_seconds": 25.089231300999927,
  "environment_interactions": 527,
  "execution_backend": "serial",
  "expert_switching_used": false,
  "final_evaluation_data_used": false,
  "inactive_lane_interactions": 0,
  "labels_file_sha256": "ed1f5ed97164b050b107f06df21027582b770cfdb8ef8229b91f1dd966665252",
  "logical_candidate_count": 738,
  "logical_protocol_sha256": "d2a103305861b3fc8244cfcb78d1a3e3d5c1ae804ed8dc48ada3addbc8dae954",
  "maximum_environment_interactions": 6400,
  "negative_count": 8,
  "outcome_counts": {
    "airborne_physical_failure": 5,
    "first_valid_landing": 8,
    "task_failure_before_landing": 3
  },
  "phase_candidate_counts": {
    "upstream": 16
  },
  "phase_positive_counts": {
    "upstream": 8
  },
  "policy_key_scheme": "candidate_key=fold_in(PRNGKey(protocol_seed),global_candidate_index);action_key=fold_in(candidate_key,tick)",
  "positive_count": 8,
  "schema": "jit_unified_continuation_subset_v1",
  "selected_candidate_indices": [
    0,
    1,
    2,
    3,
    4,
    5,
    6,
    7,
    77,
    78,
    79,
    80,
    81,
    82,
    83,
    84
  ],
  "shard_count": 1,
  "shard_index": 0,
  "snapshot_restore_seconds": 6.932939838998209,
  "status": "completed_subset",
  "test_data_used": false,
  "timing_scope": "labeler only; caller records full process initialization and wall time",
  "training_transitions": 0,
  "useful_label_interactions": 527,
  "validation_data_used": false
}
