Warp 1.11.0 initialized:
   CUDA Toolkit 12.9, Driver 13.0
   Devices:
     "cpu"      : "x86_64"
     "cuda:0"   : "NVIDIA GeForce RTX 4090 D" (24 GiB, sm_89, mempool enabled)
   Kernel cache:
     /home/qy/.cache/warp/1.11.0
Warp DeprecationWarning: The symbol `warp.types.warp_type_to_np_dtype` will soon be removed from the public API. It can still be accessed from `warp._src.types.warp_type_to_np_dtype` but might be changed or removed without notice.
[frontier-shard] warp_memory_maintenance=enabled device=cuda:0 step_interval=64 mempool_supported=True mempool_enabled=True
Module mujoco.mjx.warp.ffi edde159 load on device 'cuda:0' took 0.37 ms  (cached)
Module mujoco.mjx.third_party.mujoco_warp._src.smooth 9d8c26b load on device 'cuda:0' took 6.30 ms  (cached)
Module mujoco.mjx.third_party.mujoco_warp._src.collision_driver de6dc98 load on device 'cuda:0' took 0.21 ms  (cached)
Module _nxn_broadphase__locals__kernel_36c68517 36c6851 load on device 'cuda:0' took 0.23 ms  (cached)
Module ccd_kernel_builder__locals__ccd_kernel_30387cff 30387cf load on device 'cuda:0' took 0.76 ms  (cached)
Module ccd_kernel_builder__locals__ccd_kernel_9855f04a 9855f04 load on device 'cuda:0' took 0.76 ms  (cached)
Module ccd_kernel_builder__locals__ccd_kernel_927e4d05 927e4d0 load on device 'cuda:0' took 0.73 ms  (cached)
Module ccd_kernel_builder__locals__ccd_kernel_2b578852 2b57885 load on device 'cuda:0' took 1.09 ms  (cached)
Module _primitive_narrowphase__locals__primitive_narrowphase_1bf02ad9 91f16af load on device 'cuda:0' took 0.45 ms  (cached)
Module mujoco.mjx.third_party.mujoco_warp._src.constraint 2aca1f5 load on device 'cuda:0' took 1.27 ms  (cached)
Module mujoco.mjx.third_party.mujoco_warp._src.sensor a2c5a56 load on device 'cuda:0' took 1.30 ms  (cached)
Module _actuator_velocity__locals__actuator_velocity_12383059 73552e7 load on device 'cuda:0' took 0.24 ms  (cached)
Module mujoco.mjx.third_party.mujoco_warp._src.passive 45a1f12 load on device 'cuda:0' took 0.51 ms  (cached)
Module mujoco.mjx.third_party.mujoco_warp._src.forward 3875c24 load on device 'cuda:0' took 0.55 ms  (cached)
Module mujoco.mjx.third_party.mujoco_warp._src.support b7a7a89 load on device 'cuda:0' took 0.23 ms  (cached)
Module _tile_cholesky_factorize_solve__locals__cholesky_factorize_solve_be145701 4a8f693 load on device 'cuda:0' took 15.15 ms  (cached)
Module mujoco.mjx.third_party.mujoco_warp._src.solver 8800eae load on device 'cuda:0' took 0.75 ms  (cached)
Module solve_init_jaref__locals__kernel_0e441fb9 0e441fb load on device 'cuda:0' took 0.20 ms  (cached)
Module mul_m_dense__locals___mul_m_dense_a919c505 a919c50 load on device 'cuda:0' took 0.26 ms  (cached)
Module update_constraint_gauss_cost__locals__kernel_9283aa6c 9283aa6 load on device 'cuda:0' took 0.20 ms  (cached)
Module update_gradient_JTDAJ_dense_tiled__locals__kernel_926cd55c 4b2efd1 load on device 'cuda:0' took 28.39 ms  (cached)
Module update_gradient_cholesky__locals__kernel_0282940c df4c2e1 load on device 'cuda:0' took 18.41 ms  (cached)
Module linesearch_iterative__locals__kernel_d5d90354 cc0622d load on device 'cuda:0' took 0.48 ms  (cached)
[causal] trajectory=dense_v1_train_x2.88_family0/variant_0 saved=28 total_candidates=28 interactions=46
[causal] trajectory=dense_v1_train_x2.88_family0/variant_5 saved=29 total_candidates=57 interactions=92
[causal] trajectory=dense_v1_train_x2.88_family0/variant_10 saved=26 total_candidates=83 interactions=136
[causal] trajectory=dense_v1_train_x2.88_family0/variant_15 saved=32 total_candidates=115 interactions=191
[causal] trajectory=dense_v1_train_x2.88_family1/variant_1 saved=27 total_candidates=142 interactions=238
[causal] trajectory=dense_v1_train_x2.88_family1/variant_6 saved=27 total_candidates=169 interactions=281
[causal] trajectory=dense_v1_train_x2.88_family1/variant_11 saved=29 total_candidates=198 interactions=326
[causal] trajectory=dense_v1_train_x2.88_family2/variant_2 saved=27 total_candidates=225 interactions=371
[causal] trajectory=dense_v1_train_x2.88_family2/variant_7 saved=24 total_candidates=249 interactions=412
[causal] trajectory=dense_v1_train_x2.88_family2/variant_12 saved=26 total_candidates=275 interactions=454
[causal] trajectory=dense_v1_train_x2.88_family3/variant_3 saved=28 total_candidates=303 interactions=498
[causal] trajectory=dense_v1_train_x2.88_family3/variant_8 saved=29 total_candidates=332 interactions=543
[causal] trajectory=dense_v1_train_x2.88_family3/variant_13 saved=2 total_candidates=334 interactions=552
[causal] trajectory=dense_v1_train_x2.88_family4/variant_4 saved=32 total_candidates=366 interactions=601
[causal] trajectory=dense_v1_train_x2.88_family4/variant_9 saved=28 total_candidates=394 interactions=648
[causal] trajectory=dense_v1_train_x2.88_family4/variant_14 saved=3 total_candidates=397 interactions=662
[causal] trajectory=dense_v1_train_x2.98_family0/variant_0 saved=26 total_candidates=423 interactions=706
[causal] trajectory=dense_v1_train_x2.98_family0/variant_5 saved=25 total_candidates=448 interactions=751
[causal] trajectory=dense_v1_train_x2.98_family0/variant_10 saved=25 total_candidates=473 interactions=795
[causal] trajectory=dense_v1_train_x2.98_family0/variant_15 saved=35 total_candidates=508 interactions=853
[causal] trajectory=dense_v1_train_x2.98_family1/variant_1 saved=26 total_candidates=534 interactions=899
[causal] trajectory=dense_v1_train_x2.98_family1/variant_6 saved=26 total_candidates=560 interactions=945
[causal] trajectory=dense_v1_train_x2.98_family1/variant_11 saved=24 total_candidates=584 interactions=989
[causal] trajectory=dense_v1_train_x2.98_family2/variant_2 saved=25 total_candidates=609 interactions=1033
[causal] trajectory=dense_v1_train_x2.98_family2/variant_7 saved=29 total_candidates=638 interactions=1086
[causal] trajectory=dense_v1_train_x2.98_family2/variant_12 saved=25 total_candidates=663 interactions=1130
[causal] trajectory=dense_v1_train_x2.98_family3/variant_3 saved=24 total_candidates=687 interactions=1174
[causal] trajectory=dense_v1_train_x2.98_family3/variant_8 saved=25 total_candidates=712 interactions=1218
[causal] trajectory=dense_v1_train_x2.98_family3/variant_13 saved=24 total_candidates=736 interactions=1262
[causal] trajectory=dense_v1_train_x2.98_family4/variant_4 saved=27 total_candidates=763 interactions=1308
[causal] trajectory=dense_v1_train_x2.98_family4/variant_9 saved=27 total_candidates=790 interactions=1355
[causal] trajectory=dense_v1_train_x2.98_family4/variant_14 saved=2 total_candidates=792 interactions=1369
