Warp 1.11.0 initialized:
   CUDA Toolkit 12.9, Driver 13.0
   Devices:
     "cpu"      : "x86_64"
     "cuda:0"   : "NVIDIA GeForce RTX 4090 D" (24 GiB, sm_89, mempool enabled)
   Kernel cache:
     /home/qy/.cache/warp/1.11.0
Warp DeprecationWarning: The symbol `warp.types.warp_type_to_np_dtype` will soon be removed from the public API. It can still be accessed from `warp._src.types.warp_type_to_np_dtype` but might be changed or removed without notice.
Module mujoco.mjx.warp.ffi edde159 load on device 'cuda:0' took 0.37 ms  (cached)
Module mujoco.mjx.third_party.mujoco_warp._src.smooth 9d8c26b load on device 'cuda:0' took 6.26 ms  (cached)
Module mujoco.mjx.third_party.mujoco_warp._src.collision_driver de6dc98 load on device 'cuda:0' took 0.26 ms  (cached)
Module _nxn_broadphase__locals__kernel_36c68517 36c6851 load on device 'cuda:0' took 0.28 ms  (cached)
Module ccd_kernel_builder__locals__ccd_kernel_30387cff 30387cf load on device 'cuda:0' took 0.86 ms  (cached)
Module ccd_kernel_builder__locals__ccd_kernel_9855f04a 9855f04 load on device 'cuda:0' took 0.81 ms  (cached)
Module ccd_kernel_builder__locals__ccd_kernel_927e4d05 927e4d0 load on device 'cuda:0' took 0.86 ms  (cached)
Module ccd_kernel_builder__locals__ccd_kernel_2b578852 2b57885 load on device 'cuda:0' took 1.14 ms  (cached)
Module _primitive_narrowphase__locals__primitive_narrowphase_1bf02ad9 91f16af load on device 'cuda:0' took 0.48 ms  (cached)
Module mujoco.mjx.third_party.mujoco_warp._src.constraint 2aca1f5 load on device 'cuda:0' took 1.29 ms  (cached)
Module mujoco.mjx.third_party.mujoco_warp._src.sensor a2c5a56 load on device 'cuda:0' took 1.42 ms  (cached)
Module _actuator_velocity__locals__actuator_velocity_12383059 73552e7 load on device 'cuda:0' took 0.29 ms  (cached)
Module mujoco.mjx.third_party.mujoco_warp._src.passive 45a1f12 load on device 'cuda:0' took 0.56 ms  (cached)
Module mujoco.mjx.third_party.mujoco_warp._src.forward 3875c24 load on device 'cuda:0' took 0.60 ms  (cached)
Module mujoco.mjx.third_party.mujoco_warp._src.support b7a7a89 load on device 'cuda:0' took 0.25 ms  (cached)
Module _tile_cholesky_factorize_solve__locals__cholesky_factorize_solve_be145701 4a8f693 load on device 'cuda:0' took 15.48 ms  (cached)
Module mujoco.mjx.third_party.mujoco_warp._src.solver 8800eae load on device 'cuda:0' took 0.81 ms  (cached)
Module solve_init_jaref__locals__kernel_0e441fb9 0e441fb load on device 'cuda:0' took 0.23 ms  (cached)
Module mul_m_dense__locals___mul_m_dense_a919c505 a919c50 load on device 'cuda:0' took 0.26 ms  (cached)
Module update_constraint_gauss_cost__locals__kernel_9283aa6c 9283aa6 load on device 'cuda:0' took 0.21 ms  (cached)
Module update_gradient_JTDAJ_dense_tiled__locals__kernel_926cd55c 4b2efd1 load on device 'cuda:0' took 27.70 ms  (cached)
Module update_gradient_cholesky__locals__kernel_0282940c df4c2e1 load on device 'cuda:0' took 16.32 ms  (cached)
Module linesearch_iterative__locals__kernel_d5d90354 cc0622d load on device 'cuda:0' took 0.53 ms  (cached)
2026-09-09 14:53:38.928624: W external/xla/xla/service/gpu/autotuning/dot_search_space.cc:200] All configs were filtered out because none of them sufficiently match the hints. Maybe the hints set does not contain a good representative set of valid configs?Working around this by using the full hints set instead.
2026-09-09 14:53:38.928677: W external/xla/xla/service/gpu/autotuning/dot_search_space.cc:200] All configs were filtered out because none of them sufficiently match the hints. Maybe the hints set does not contain a good representative set of valid configs?Working around this by using the full hints set instead.
2026-09-09 14:53:38.928797: W external/xla/xla/service/gpu/autotuning/dot_search_space.cc:200] All configs were filtered out because none of them sufficiently match the hints. Maybe the hints set does not contain a good representative set of valid configs?Working around this by using the full hints set instead.
2026-09-09 14:53:38.928817: W external/xla/xla/service/gpu/autotuning/dot_search_space.cc:200] All configs were filtered out because none of them sufficiently match the hints. Maybe the hints set does not contain a good representative set of valid configs?Working around this by using the full hints set instead.
{
  "formal_report": {
    "brax_evaluation_transitions": 0,
    "checkpoint_restored": true,
    "checkpoint_transitions": [
      0,
      25600
    ],
    "completed_training_transitions": 25600,
    "expert_switching_used": false,
    "final_metrics": {
      "training/entropy_loss": 0.004694238305091858,
      "training/kl_mean": 0.008809841237962246,
      "training/learning_rate": 9.999999747378752e-05,
      "training/policy_dist_max_loc": 2.381387710571289,
      "training/policy_dist_max_std": 0.7820115685462952,
      "training/policy_dist_mean_loc": -0.18958404660224915,
      "training/policy_dist_mean_std": 0.17032885551452637,
      "training/policy_dist_min_loc": -2.3038127422332764,
      "training/policy_dist_min_std": 0.019055459648370743,
      "training/policy_loss": 0.012941422872245312,
      "training/sps": 7936.566002278948,
      "training/total_loss": 124.14201354980469,
      "training/v_loss": 124.12437438964844,
      "training/walltime": 14.92903208732605
    },
    "requested_training_transitions": 25600,
    "reset_mixture": {
      "natural_reset_probability": 0.2,
      "selection": "fixed_jump_start_20pct_exact_snapshot_80pct",
      "soft_tube_probability": 0.8
    },
    "schema": "jit_pi_unified_formal_report_v1",
    "status": "completed",
    "test_data_used": false,
    "train_panel_interactions": 61,
    "train_panel_transitions": [
      25600
    ],
    "validation_data_used": false
  },
  "run_dir": "/home/qy/DVGC/JIT/runs/campaign/empirical_envelope_smoke_callbackfix_v1/round_000/training_attempt_000/training/pi_4_campaign_r0_attempt000"
}
