Warp 1.11.0 initialized:
   CUDA Toolkit 12.9, Driver 13.0
   Devices:
     "cpu"      : "x86_64"
     "cuda:0"   : "NVIDIA GeForce RTX 4090 D" (24 GiB, sm_89, mempool enabled)
   Kernel cache:
     /home/qy/.cache/warp/1.11.0
Warp DeprecationWarning: The symbol `warp.types.warp_type_to_np_dtype` will soon be removed from the public API. It can still be accessed from `warp._src.types.warp_type_to_np_dtype` but might be changed or removed without notice.
Module mujoco.mjx.warp.ffi edde159 load on device 'cuda:0' took 1.05 ms  (cached)
Module mujoco.mjx.third_party.mujoco_warp._src.smooth 9d8c26b load on device 'cuda:0' took 8.05 ms  (cached)
Module mujoco.mjx.third_party.mujoco_warp._src.collision_driver de6dc98 load on device 'cuda:0' took 0.72 ms  (cached)
Module _nxn_broadphase__locals__kernel_36c68517 36c6851 load on device 'cuda:0' took 0.74 ms  (cached)
Module ccd_kernel_builder__locals__ccd_kernel_30387cff 30387cf load on device 'cuda:0' took 1.73 ms  (cached)
Module ccd_kernel_builder__locals__ccd_kernel_9855f04a 9855f04 load on device 'cuda:0' took 2.28 ms  (cached)
Module ccd_kernel_builder__locals__ccd_kernel_927e4d05 927e4d0 load on device 'cuda:0' took 1.76 ms  (cached)
Module ccd_kernel_builder__locals__ccd_kernel_2b578852 2b57885 load on device 'cuda:0' took 2.72 ms  (cached)
Module _primitive_narrowphase__locals__primitive_narrowphase_1bf02ad9 91f16af load on device 'cuda:0' took 1.24 ms  (cached)
Module mujoco.mjx.third_party.mujoco_warp._src.constraint 2aca1f5 load on device 'cuda:0' took 3.24 ms  (cached)
Module mujoco.mjx.third_party.mujoco_warp._src.sensor a2c5a56 load on device 'cuda:0' took 3.07 ms  (cached)
Module _actuator_velocity__locals__actuator_velocity_12383059 73552e7 load on device 'cuda:0' took 0.69 ms  (cached)
Module mujoco.mjx.third_party.mujoco_warp._src.passive 45a1f12 load on device 'cuda:0' took 1.31 ms  (cached)
Module mujoco.mjx.third_party.mujoco_warp._src.forward 3875c24 load on device 'cuda:0' took 1.46 ms  (cached)
Module mujoco.mjx.third_party.mujoco_warp._src.support b7a7a89 load on device 'cuda:0' took 0.83 ms  (cached)
Module _tile_cholesky_factorize_solve__locals__cholesky_factorize_solve_be145701 4a8f693 load on device 'cuda:0' took 20.99 ms  (cached)
Module mujoco.mjx.third_party.mujoco_warp._src.solver 8800eae load on device 'cuda:0' took 2.09 ms  (cached)
Module solve_init_jaref__locals__kernel_0e441fb9 0e441fb load on device 'cuda:0' took 0.71 ms  (cached)
Module mul_m_dense__locals___mul_m_dense_a919c505 a919c50 load on device 'cuda:0' took 0.82 ms  (cached)
Module update_constraint_gauss_cost__locals__kernel_9283aa6c 9283aa6 load on device 'cuda:0' took 0.66 ms  (cached)
Module update_gradient_JTDAJ_dense_tiled__locals__kernel_926cd55c 4b2efd1 load on device 'cuda:0' took 33.19 ms  (cached)
Module update_gradient_cholesky__locals__kernel_0282940c df4c2e1 load on device 'cuda:0' took 21.73 ms  (cached)
Module linesearch_iterative__locals__kernel_d5d90354 cc0622d load on device 'cuda:0' took 1.32 ms  (cached)
[labels] device batch 0:8 seconds=0.233 slots=296 useful_steps=233
[labels] completed=0/16 elapsed=10.1s backend=vectorized
[labels] device batch 8:16 seconds=0.123 slots=160 useful_steps=134
{
  "batch_size": 8,
  "candidate_count": 16,
  "candidate_start_index": 0,
  "candidate_stop_index_exclusive": 16,
  "device_batch_seconds": [
    0.2329678830001285,
    0.12274424999986877
  ],
  "device_compile_seconds": [
    2.7954808129998128
  ],
  "elapsed_seconds": 12.186870925999756,
  "environment_interactions": 456,
  "execution_backend": "vectorized",
  "expert_switching_used": false,
  "final_evaluation_data_used": false,
  "inactive_lane_interactions": 89,
  "labels_file_sha256": "8a95e266a8e0449e53c98ba41142d134b630b978b379206f706cb3fb010cabd1",
  "logical_candidate_count": 738,
  "logical_protocol_sha256": "823439ae1e39c9b2c4a11368017dfd90fd84f324396b900c898e62ef9c8e1070",
  "maximum_environment_interactions": 6400,
  "negative_count": 0,
  "outcome_counts": {
    "first_valid_landing": 16
  },
  "phase_candidate_counts": {
    "upstream": 16
  },
  "phase_positive_counts": {
    "upstream": 16
  },
  "policy_key_scheme": "candidate_key=fold_in(PRNGKey(protocol_seed),global_candidate_index);action_key=fold_in(candidate_key,tick)",
  "positive_count": 16,
  "schema": "jit_unified_continuation_label_shard_v1",
  "shard_count": 47,
  "shard_index": 0,
  "snapshot_restore_seconds": 6.273121711000385,
  "status": "completed_shard",
  "test_data_used": false,
  "timing_scope": "labeler only; caller records full process initialization and wall time",
  "training_transitions": 0,
  "useful_label_interactions": 367,
  "validation_data_used": false
}
