Warp 1.11.0 initialized:
   CUDA Toolkit 12.9, Driver 13.0
   Devices:
     "cpu"      : "x86_64"
     "cuda:0"   : "NVIDIA GeForce RTX 4090 D" (24 GiB, sm_89, mempool enabled)
   Kernel cache:
     /home/qy/.cache/warp/1.11.0
Warp DeprecationWarning: The symbol `warp.types.warp_type_to_np_dtype` will soon be removed from the public API. It can still be accessed from `warp._src.types.warp_type_to_np_dtype` but might be changed or removed without notice.
[frontier-shard] warp_memory_maintenance=enabled device=cuda:0 step_interval=64 mempool_supported=True mempool_enabled=True
Module mujoco.mjx.warp.ffi edde159 load on device 'cuda:0' took 0.44 ms  (cached)
Module mujoco.mjx.third_party.mujoco_warp._src.smooth 9d8c26b load on device 'cuda:0' took 6.17 ms  (cached)
Module mujoco.mjx.third_party.mujoco_warp._src.collision_driver de6dc98 load on device 'cuda:0' took 0.24 ms  (cached)
Module _nxn_broadphase__locals__kernel_36c68517 36c6851 load on device 'cuda:0' took 0.43 ms  (cached)
Module ccd_kernel_builder__locals__ccd_kernel_30387cff 30387cf load on device 'cuda:0' took 0.81 ms  (cached)
Module ccd_kernel_builder__locals__ccd_kernel_9855f04a 9855f04 load on device 'cuda:0' took 0.80 ms  (cached)
Module ccd_kernel_builder__locals__ccd_kernel_927e4d05 927e4d0 load on device 'cuda:0' took 0.81 ms  (cached)
Module ccd_kernel_builder__locals__ccd_kernel_2b578852 2b57885 load on device 'cuda:0' took 1.10 ms  (cached)
Module _primitive_narrowphase__locals__primitive_narrowphase_1bf02ad9 91f16af load on device 'cuda:0' took 0.45 ms  (cached)
Module mujoco.mjx.third_party.mujoco_warp._src.constraint 2aca1f5 load on device 'cuda:0' took 1.30 ms  (cached)
Module mujoco.mjx.third_party.mujoco_warp._src.sensor a2c5a56 load on device 'cuda:0' took 1.36 ms  (cached)
Module _actuator_velocity__locals__actuator_velocity_12383059 73552e7 load on device 'cuda:0' took 0.25 ms  (cached)
Module mujoco.mjx.third_party.mujoco_warp._src.passive 45a1f12 load on device 'cuda:0' took 0.51 ms  (cached)
Module mujoco.mjx.third_party.mujoco_warp._src.forward 3875c24 load on device 'cuda:0' took 0.55 ms  (cached)
Module mujoco.mjx.third_party.mujoco_warp._src.support b7a7a89 load on device 'cuda:0' took 0.24 ms  (cached)
Module _tile_cholesky_factorize_solve__locals__cholesky_factorize_solve_be145701 4a8f693 load on device 'cuda:0' took 15.09 ms  (cached)
Module mujoco.mjx.third_party.mujoco_warp._src.solver 8800eae load on device 'cuda:0' took 0.78 ms  (cached)
Module solve_init_jaref__locals__kernel_0e441fb9 0e441fb load on device 'cuda:0' took 0.21 ms  (cached)
Module mul_m_dense__locals___mul_m_dense_a919c505 a919c50 load on device 'cuda:0' took 0.25 ms  (cached)
Module update_constraint_gauss_cost__locals__kernel_9283aa6c 9283aa6 load on device 'cuda:0' took 0.20 ms  (cached)
Module update_gradient_JTDAJ_dense_tiled__locals__kernel_926cd55c 4b2efd1 load on device 'cuda:0' took 29.38 ms  (cached)
Module update_gradient_cholesky__locals__kernel_0282940c df4c2e1 load on device 'cuda:0' took 18.37 ms  (cached)
Module linesearch_iterative__locals__kernel_d5d90354 cc0622d load on device 'cuda:0' took 0.50 ms  (cached)
[causal] trajectory=dense_v1_train_x2.90_family0/variant_0 saved=25 total_candidates=25 interactions=44
[causal] trajectory=dense_v1_train_x2.90_family0/variant_5 saved=24 total_candidates=49 interactions=89
[causal] trajectory=dense_v1_train_x2.90_family1/variant_1 saved=25 total_candidates=74 interactions=133
[causal] trajectory=dense_v1_train_x2.90_family1/variant_6 saved=28 total_candidates=102 interactions=184
[causal] trajectory=dense_v1_train_x2.90_family2/variant_2 saved=27 total_candidates=129 interactions=229
[causal] trajectory=dense_v1_train_x2.90_family2/variant_7 saved=24 total_candidates=153 interactions=274
[causal] trajectory=dense_v1_train_x2.90_family3/variant_3 saved=28 total_candidates=181 interactions=322
[causal] trajectory=dense_v1_train_x2.90_family4/variant_4 saved=24 total_candidates=205 interactions=365
{
  "schema": "jit_unified_boundary_catalog_v1",
  "status": "completed",
  "artifact_role": "unlabeled_policy_conditioned_frontier_candidates",
  "split": "train",
  "iteration": 6,
  "policy_name": "pi_6",
  "policy_actor_sha256": "946c23d5199f1d30e4fef799fd7a4b54d271c626a305877a0fa3e45430d3c5b1",
  "policy_payload_sha256": "5550494092b73b57cd9adec0aa632a15342fd7fb23af68355f4ab741e49d920d",
  "frozen_unified_manifest_sha256": "de2c90a70a2342f891f1445e2bad6690813e35f7aafc142dd90ffcdc50a3a414",
  "source_tube_manifest_sha256": "0220342253aae21aaa63bdef7f75c73f3480dbc971851e87156e0af01b57aa11",
  "protocol_sha256": "88fa682259bf0cf773f037645f6970da32b2510789eeba52014334d733d1fa83",
  "acquisition_mode": "jump_start_connected_causal_rollout_v1",
  "jump_start_reachability_proven": true,
  "natural_start_connected": false,
  "rsi_used_for_reachability": false,
  "jump_start_state_sha256": "ef2f9b87b0f0760577646586220603049adceb0b717c9cdf5a80f064c5b60606",
  "attempted_candidate_count": 8,
  "candidate_count": 205,
  "phase_attempted_candidate_counts": {
    "upstream": 8,
    "downstream": 0
  },
  "phase_candidate_counts": {
    "upstream": 143,
    "downstream": 62
  },
  "environment_interactions": 365,
  "maximum_environment_interactions": 4000,
  "exclusion_counts": {},
  "training_transitions": 0,
  "expert_switching_used": false,
  "test_data_used": false,
  "validation_data_used": false,
  "final_evaluation_data_used": false,
  "claim_boundary": {
    "unlabeled_acquisition_only": true,
    "tube_expansion_claim": false,
    "jce_jel_claim": false,
    "certified_safe_set_claim": false
  },
  "trajectory_receipts": [
    {
      "trajectory_id": "dense_v1_train_x2.90_family0/variant_0",
      "proposer": "pi_6",
      "anchor_x_m": 2.9,
      "strength": 0.15,
      "direction": {
        "action_dimension": 0,
        "action_name": "steer",
        "sign": -1,
        "basis_vector": [
          -1.0,
          0.0,
          0.0,
          0.0
        ]
      },
      "environment_interactions": 44,
      "candidate_count": 25,
      "stop_reason": "first_valid_landing",
      "perturbation_started": true,
      "final_x_m": 4.002654552459717,
      "peak_root_z_m": 0.6123850345611572,
      "peak_sampling": "control_step_states_including_reset",
      "physical_failure": false,
      "timeout": false,
      "valid_landing": true,
      "truncated": false
    },
    {
      "trajectory_id": "dense_v1_train_x2.90_family0/variant_5",
      "proposer": "pi_6",
      "anchor_x_m": 2.9,
      "strength": 0.15,
      "direction": {
        "action_dimension": 2,
        "action_name": "hip",
        "sign": 1,
        "basis_vector": [
          0.0,
          0.0,
          1.0,
          0.0
        ]
      },
      "environment_interactions": 45,
      "candidate_count": 24,
      "stop_reason": "first_valid_landing",
      "perturbation_started": true,
      "final_x_m": 3.9863436222076416,
      "peak_root_z_m": 0.6643853783607483,
      "peak_sampling": "control_step_states_including_reset",
      "physical_failure": false,
      "timeout": false,
      "valid_landing": true,
      "truncated": false
    },
    {
      "trajectory_id": "dense_v1_train_x2.90_family1/variant_1",
      "proposer": "pi_6",
      "anchor_x_m": 2.9,
      "strength": 0.15,
      "direction": {
        "action_dimension": 0,
        "action_name": "steer",
        "sign": 1,
        "basis_vector": [
          1.0,
          0.0,
          0.0,
          0.0
        ]
      },
      "environment_interactions": 44,
      "candidate_count": 25,
      "stop_reason": "first_valid_landing",
      "perturbation_started": true,
      "final_x_m": 4.038473129272461,
      "peak_root_z_m": 0.567512571811676,
      "peak_sampling": "control_step_states_including_reset",
      "physical_failure": false,
      "timeout": false,
      "valid_landing": true,
      "truncated": false
    },
    {
      "trajectory_id": "dense_v1_train_x2.90_family1/variant_6",
      "proposer": "pi_6",
      "anchor_x_m": 2.9,
      "strength": 0.15,
      "direction": {
        "action_dimension": 3,
        "action_name": "knee",
        "sign": -1,
        "basis_vector": [
          0.0,
          0.0,
          0.0,
          -1.0
        ]
      },
      "environment_interactions": 51,
      "candidate_count": 28,
      "stop_reason": "first_valid_landing",
      "perturbation_started": true,
      "final_x_m": 4.190244197845459,
      "peak_root_z_m": 0.6216743588447571,
      "peak_sampling": "control_step_states_including_reset",
      "physical_failure": false,
      "timeout": false,
      "valid_landing": true,
      "truncated": false
    },
    {
      "trajectory_id": "dense_v1_train_x2.90_family2/variant_2",
      "proposer": "pi_6",
      "anchor_x_m": 2.9,
      "strength": 0.15,
      "direction": {
        "action_dimension": 1,
        "action_name": "rear_wheel_drive",
        "sign": -1,
        "basis_vector": [
          0.0,
          -1.0,
          0.0,
          0.0
        ]
      },
      "environment_interactions": 45,
      "candidate_count": 27,
      "stop_reason": "first_valid_landing",
      "perturbation_started": true,
      "final_x_m": 4.147572994232178,
      "peak_root_z_m": 0.6064174175262451,
      "peak_sampling": "control_step_states_including_reset",
      "physical_failure": false,
      "timeout": false,
      "valid_landing": true,
      "truncated": false
    },
    {
      "trajectory_id": "dense_v1_train_x2.90_family2/variant_7",
      "proposer": "pi_6",
      "anchor_x_m": 2.9,
      "strength": 0.15,
      "direction": {
        "action_dimension": 3,
        "action_name": "knee",
        "sign": 1,
        "basis_vector": [
          0.0,
          0.0,
          0.0,
          1.0
        ]
      },
      "environment_interactions": 45,
      "candidate_count": 24,
      "stop_reason": "first_valid_landing",
      "perturbation_started": true,
      "final_x_m": 3.981083869934082,
      "peak_root_z_m": 0.5219053030014038,
      "peak_sampling": "control_step_states_including_reset",
      "physical_failure": false,
      "timeout": false,
      "valid_landing": true,
      "truncated": false
    },
    {
      "trajectory_id": "dense_v1_train_x2.90_family3/variant_3",
      "proposer": "pi_6",
      "anchor_x_m": 2.9,
      "strength": 0.15,
      "direction": {
        "action_dimension": 1,
        "action_name": "rear_wheel_drive",
        "sign": 1,
        "basis_vector": [
          0.0,
          1.0,
          0.0,
          0.0
        ]
      },
      "environment_interactions": 48,
      "candidate_count": 28,
      "stop_reason": "first_valid_landing",
      "perturbation_started": true,
      "final_x_m": 4.154273509979248,
      "peak_root_z_m": 0.5655173659324646,
      "peak_sampling": "control_step_states_including_reset",
      "physical_failure": false,
      "timeout": false,
      "valid_landing": true,
      "truncated": false
    },
    {
      "trajectory_id": "dense_v1_train_x2.90_family4/variant_4",
      "proposer": "pi_6",
      "anchor_x_m": 2.9,
      "strength": 0.15,
      "direction": {
        "action_dimension": 2,
        "action_name": "hip",
        "sign": -1,
        "basis_vector": [
          0.0,
          0.0,
          -1.0,
          0.0
        ]
      },
      "environment_interactions": 43,
      "candidate_count": 24,
      "stop_reason": "first_valid_landing",
      "perturbation_started": true,
      "final_x_m": 4.009781837463379,
      "peak_root_z_m": 0.5361171960830688,
      "peak_sampling": "control_step_states_including_reset",
      "physical_failure": false,
      "timeout": false,
      "valid_landing": true,
      "truncated": false
    }
  ],
  "trajectory_stop_counts": {
    "first_valid_landing": 8
  }
}
