Warp 1.11.0 initialized:
   CUDA Toolkit 12.9, Driver 13.0
   Devices:
     "cpu"      : "x86_64"
     "cuda:0"   : "NVIDIA GeForce RTX 4090 D" (24 GiB, sm_89, mempool enabled)
   Kernel cache:
     /home/qy/.cache/warp/1.11.0
Warp DeprecationWarning: The symbol `warp.types.warp_type_to_np_dtype` will soon be removed from the public API. It can still be accessed from `warp._src.types.warp_type_to_np_dtype` but might be changed or removed without notice.
[frontier-shard] warp_memory_maintenance=enabled device=cuda:0 step_interval=64 mempool_supported=True mempool_enabled=True
Module mujoco.mjx.warp.ffi edde159 load on device 'cuda:0' took 0.46 ms  (cached)
Module mujoco.mjx.third_party.mujoco_warp._src.smooth 9d8c26b load on device 'cuda:0' took 6.77 ms  (cached)
Module mujoco.mjx.third_party.mujoco_warp._src.collision_driver de6dc98 load on device 'cuda:0' took 0.67 ms  (cached)
Module _nxn_broadphase__locals__kernel_36c68517 36c6851 load on device 'cuda:0' took 2.35 ms  (cached)
Module ccd_kernel_builder__locals__ccd_kernel_30387cff 30387cf load on device 'cuda:0' took 2.40 ms  (cached)
Module ccd_kernel_builder__locals__ccd_kernel_9855f04a 9855f04 load on device 'cuda:0' took 1.88 ms  (cached)
Module ccd_kernel_builder__locals__ccd_kernel_927e4d05 927e4d0 load on device 'cuda:0' took 0.88 ms  (cached)
Module ccd_kernel_builder__locals__ccd_kernel_2b578852 2b57885 load on device 'cuda:0' took 1.93 ms  (cached)
Module _primitive_narrowphase__locals__primitive_narrowphase_1bf02ad9 91f16af load on device 'cuda:0' took 2.61 ms  (cached)
Module mujoco.mjx.third_party.mujoco_warp._src.constraint 2aca1f5 load on device 'cuda:0' took 1.59 ms  (cached)
Module mujoco.mjx.third_party.mujoco_warp._src.sensor a2c5a56 load on device 'cuda:0' took 2.03 ms  (cached)
Module _actuator_velocity__locals__actuator_velocity_12383059 73552e7 load on device 'cuda:0' took 1.39 ms  (cached)
Module mujoco.mjx.third_party.mujoco_warp._src.passive 45a1f12 load on device 'cuda:0' took 1.61 ms  (cached)
Module mujoco.mjx.third_party.mujoco_warp._src.forward 3875c24 load on device 'cuda:0' took 2.07 ms  (cached)
Module mujoco.mjx.third_party.mujoco_warp._src.support b7a7a89 load on device 'cuda:0' took 2.27 ms  (cached)
Module _tile_cholesky_factorize_solve__locals__cholesky_factorize_solve_be145701 4a8f693 load on device 'cuda:0' took 20.99 ms  (cached)
Module mujoco.mjx.third_party.mujoco_warp._src.solver 8800eae load on device 'cuda:0' took 0.82 ms  (cached)
Module solve_init_jaref__locals__kernel_0e441fb9 0e441fb load on device 'cuda:0' took 1.69 ms  (cached)
Module mul_m_dense__locals___mul_m_dense_a919c505 a919c50 load on device 'cuda:0' took 2.24 ms  (cached)
Module update_constraint_gauss_cost__locals__kernel_9283aa6c 9283aa6 load on device 'cuda:0' took 1.44 ms  (cached)
Module update_gradient_JTDAJ_dense_tiled__locals__kernel_926cd55c 4b2efd1 load on device 'cuda:0' took 34.66 ms  (cached)
Module update_gradient_cholesky__locals__kernel_0282940c df4c2e1 load on device 'cuda:0' took 21.39 ms  (cached)
Module linesearch_iterative__locals__kernel_d5d90354 cc0622d load on device 'cuda:0' took 0.87 ms  (cached)
{
  "batch_size": 1,
  "candidate_count": 8,
  "candidate_start_index": 0,
  "candidate_stop_index_exclusive": 738,
  "device_batch_seconds": [],
  "device_compile_seconds": [],
  "elapsed_seconds": 19.43815888900008,
  "environment_interactions": 395,
  "execution_backend": "serial",
  "expert_switching_used": false,
  "final_evaluation_data_used": false,
  "inactive_lane_interactions": 0,
  "labels_file_sha256": "61ccaeb624297f487180df028641ae48fc582e67b9d254401ecffef7d4fe40f7",
  "logical_candidate_count": 738,
  "logical_protocol_sha256": "06537b34ca88899d592d0ac28e867068cdeec9fa8f973ad96e11d218767818a2",
  "maximum_environment_interactions": 3200,
  "negative_count": 8,
  "outcome_counts": {
    "airborne_physical_failure": 8
  },
  "phase_candidate_counts": {
    "upstream": 8
  },
  "phase_positive_counts": {
    "upstream": 0
  },
  "policy_key_scheme": "candidate_key=fold_in(PRNGKey(protocol_seed),global_candidate_index);action_key=fold_in(candidate_key,tick)",
  "positive_count": 0,
  "schema": "jit_unified_continuation_subset_v1",
  "selected_candidate_indices": [
    77,
    78,
    79,
    80,
    81,
    82,
    83,
    84
  ],
  "shard_count": 1,
  "shard_index": 0,
  "snapshot_restore_seconds": 4.906847892000769,
  "status": "completed_subset",
  "test_data_used": false,
  "timing_scope": "labeler only; caller records full process initialization and wall time",
  "training_transitions": 0,
  "useful_label_interactions": 395,
  "validation_data_used": false
}
