Warp 1.11.0 initialized:
   CUDA Toolkit 12.9, Driver 13.0
   Devices:
     "cpu"      : "x86_64"
     "cuda:0"   : "NVIDIA GeForce RTX 4090 D" (24 GiB, sm_89, mempool enabled)
   Kernel cache:
     /home/qy/.cache/warp/1.11.0
Warp DeprecationWarning: The symbol `warp.types.warp_type_to_np_dtype` will soon be removed from the public API. It can still be accessed from `warp._src.types.warp_type_to_np_dtype` but might be changed or removed without notice.
[frontier-shard] warp_memory_maintenance=enabled device=cuda:0 step_interval=64 mempool_supported=True mempool_enabled=True
Module mujoco.mjx.warp.ffi edde159 load on device 'cuda:0' took 1.10 ms  (cached)
Module mujoco.mjx.third_party.mujoco_warp._src.smooth 9d8c26b load on device 'cuda:0' took 7.74 ms  (cached)
Module mujoco.mjx.third_party.mujoco_warp._src.collision_driver de6dc98 load on device 'cuda:0' took 0.64 ms  (cached)
Module _nxn_broadphase__locals__kernel_36c68517 36c6851 load on device 'cuda:0' took 0.51 ms  (cached)
Module ccd_kernel_builder__locals__ccd_kernel_30387cff 30387cf load on device 'cuda:0' took 0.86 ms  (cached)
Module ccd_kernel_builder__locals__ccd_kernel_9855f04a 9855f04 load on device 'cuda:0' took 0.75 ms  (cached)
Module ccd_kernel_builder__locals__ccd_kernel_927e4d05 927e4d0 load on device 'cuda:0' took 1.26 ms  (cached)
Module ccd_kernel_builder__locals__ccd_kernel_2b578852 2b57885 load on device 'cuda:0' took 1.67 ms  (cached)
Module _primitive_narrowphase__locals__primitive_narrowphase_1bf02ad9 91f16af load on device 'cuda:0' took 0.97 ms  (cached)
Module mujoco.mjx.third_party.mujoco_warp._src.constraint 2aca1f5 load on device 'cuda:0' took 1.64 ms  (cached)
Module mujoco.mjx.third_party.mujoco_warp._src.sensor a2c5a56 load on device 'cuda:0' took 2.39 ms  (cached)
Module _actuator_velocity__locals__actuator_velocity_12383059 73552e7 load on device 'cuda:0' took 0.98 ms  (cached)
Module mujoco.mjx.third_party.mujoco_warp._src.passive 45a1f12 load on device 'cuda:0' took 1.04 ms  (cached)
Module mujoco.mjx.third_party.mujoco_warp._src.forward 3875c24 load on device 'cuda:0' took 1.64 ms  (cached)
Module mujoco.mjx.third_party.mujoco_warp._src.support b7a7a89 load on device 'cuda:0' took 0.46 ms  (cached)
Module _tile_cholesky_factorize_solve__locals__cholesky_factorize_solve_be145701 4a8f693 load on device 'cuda:0' took 17.00 ms  (cached)
Module mujoco.mjx.third_party.mujoco_warp._src.solver 8800eae load on device 'cuda:0' took 1.48 ms  (cached)
Module solve_init_jaref__locals__kernel_0e441fb9 0e441fb load on device 'cuda:0' took 1.21 ms  (cached)
Module mul_m_dense__locals___mul_m_dense_a919c505 a919c50 load on device 'cuda:0' took 1.18 ms  (cached)
Module update_constraint_gauss_cost__locals__kernel_9283aa6c 9283aa6 load on device 'cuda:0' took 1.16 ms  (cached)
Module update_gradient_JTDAJ_dense_tiled__locals__kernel_926cd55c 4b2efd1 load on device 'cuda:0' took 33.20 ms  (cached)
Module update_gradient_cholesky__locals__kernel_0282940c df4c2e1 load on device 'cuda:0' took 20.65 ms  (cached)
Module linesearch_iterative__locals__kernel_d5d90354 cc0622d load on device 'cuda:0' took 0.91 ms  (cached)
[causal] trajectory=dense_v1_train_x2.88_family0/variant_0 saved=19 total_candidates=19 interactions=41
[causal] trajectory=dense_v1_train_x2.88_family0/variant_5 saved=24 total_candidates=43 interactions=88
[causal] trajectory=dense_v1_train_x2.88_family0/variant_10 saved=24 total_candidates=67 interactions=133
[causal] trajectory=dense_v1_train_x2.88_family0/variant_15 saved=20 total_candidates=87 interactions=173
[causal] trajectory=dense_v1_train_x2.88_family1/variant_1 saved=22 total_candidates=109 interactions=216
[causal] trajectory=dense_v1_train_x2.88_family1/variant_6 saved=22 total_candidates=131 interactions=258
[causal] trajectory=dense_v1_train_x2.88_family1/variant_11 saved=22 total_candidates=153 interactions=299
[causal] trajectory=dense_v1_train_x2.88_family2/variant_2 saved=1 total_candidates=154 interactions=309
[causal] trajectory=dense_v1_train_x2.88_family2/variant_7 saved=20 total_candidates=174 interactions=349
[causal] trajectory=dense_v1_train_x2.88_family2/variant_12 saved=27 total_candidates=201 interactions=392
[causal] trajectory=dense_v1_train_x2.88_family3/variant_3 saved=22 total_candidates=223 interactions=433
[causal] trajectory=dense_v1_train_x2.88_family3/variant_8 saved=20 total_candidates=243 interactions=473
[causal] trajectory=dense_v1_train_x2.88_family3/variant_13 saved=1 total_candidates=244 interactions=483
[causal] trajectory=dense_v1_train_x2.88_family4/variant_4 saved=26 total_candidates=270 interactions=524
[causal] trajectory=dense_v1_train_x2.88_family4/variant_9 saved=25 total_candidates=295 interactions=568
[causal] trajectory=dense_v1_train_x2.88_family4/variant_14 saved=24 total_candidates=319 interactions=612
[causal] trajectory=dense_v1_train_x2.98_family0/variant_0 saved=19 total_candidates=338 interactions=652
[causal] trajectory=dense_v1_train_x2.98_family0/variant_5 saved=22 total_candidates=360 interactions=696
[causal] trajectory=dense_v1_train_x2.98_family0/variant_10 saved=18 total_candidates=378 interactions=738
[causal] trajectory=dense_v1_train_x2.98_family0/variant_15 saved=18 total_candidates=396 interactions=778
[causal] trajectory=dense_v1_train_x2.98_family1/variant_1 saved=20 total_candidates=416 interactions=820
[causal] trajectory=dense_v1_train_x2.98_family1/variant_6 saved=22 total_candidates=438 interactions=863
[causal] trajectory=dense_v1_train_x2.98_family1/variant_11 saved=19 total_candidates=457 interactions=904
[causal] trajectory=dense_v1_train_x2.98_family2/variant_2 saved=18 total_candidates=475 interactions=944
[causal] trajectory=dense_v1_train_x2.98_family2/variant_7 saved=15 total_candidates=490 interactions=984
[causal] trajectory=dense_v1_train_x2.98_family2/variant_12 saved=18 total_candidates=508 interactions=1025
[causal] trajectory=dense_v1_train_x2.98_family3/variant_3 saved=16 total_candidates=524 interactions=1066
[causal] trajectory=dense_v1_train_x2.98_family3/variant_8 saved=17 total_candidates=541 interactions=1106
[causal] trajectory=dense_v1_train_x2.98_family3/variant_13 saved=23 total_candidates=564 interactions=1150
[causal] trajectory=dense_v1_train_x2.98_family4/variant_4 saved=18 total_candidates=582 interactions=1191
[causal] trajectory=dense_v1_train_x2.98_family4/variant_9 saved=21 total_candidates=603 interactions=1234
[causal] trajectory=dense_v1_train_x2.98_family4/variant_14 saved=23 total_candidates=626 interactions=1279
