Warp 1.11.0 initialized:
   CUDA Toolkit 12.9, Driver 13.0
   Devices:
     "cpu"      : "x86_64"
     "cuda:0"   : "NVIDIA GeForce RTX 4090 D" (24 GiB, sm_89, mempool enabled)
   Kernel cache:
     /home/qy/.cache/warp/1.11.0
Warp DeprecationWarning: The symbol `warp.types.warp_type_to_np_dtype` will soon be removed from the public API. It can still be accessed from `warp._src.types.warp_type_to_np_dtype` but might be changed or removed without notice.
[frontier-shard] warp_memory_maintenance=enabled device=cuda:0 step_interval=64 mempool_supported=True mempool_enabled=True
Module mujoco.mjx.warp.ffi edde159 load on device 'cuda:0' took 0.37 ms  (cached)
Module mujoco.mjx.third_party.mujoco_warp._src.smooth 9d8c26b load on device 'cuda:0' took 6.19 ms  (cached)
Module mujoco.mjx.third_party.mujoco_warp._src.collision_driver de6dc98 load on device 'cuda:0' took 0.21 ms  (cached)
Module _nxn_broadphase__locals__kernel_36c68517 36c6851 load on device 'cuda:0' took 0.22 ms  (cached)
Module ccd_kernel_builder__locals__ccd_kernel_30387cff 30387cf load on device 'cuda:0' took 0.74 ms  (cached)
Module ccd_kernel_builder__locals__ccd_kernel_9855f04a 9855f04 load on device 'cuda:0' took 0.74 ms  (cached)
Module ccd_kernel_builder__locals__ccd_kernel_927e4d05 927e4d0 load on device 'cuda:0' took 0.74 ms  (cached)
Module ccd_kernel_builder__locals__ccd_kernel_2b578852 2b57885 load on device 'cuda:0' took 1.08 ms  (cached)
Module _primitive_narrowphase__locals__primitive_narrowphase_1bf02ad9 91f16af load on device 'cuda:0' took 0.46 ms  (cached)
Module mujoco.mjx.third_party.mujoco_warp._src.constraint 2aca1f5 load on device 'cuda:0' took 1.23 ms  (cached)
Module mujoco.mjx.third_party.mujoco_warp._src.sensor a2c5a56 load on device 'cuda:0' took 1.31 ms  (cached)
Module _actuator_velocity__locals__actuator_velocity_12383059 73552e7 load on device 'cuda:0' took 0.24 ms  (cached)
Module mujoco.mjx.third_party.mujoco_warp._src.passive 45a1f12 load on device 'cuda:0' took 0.50 ms  (cached)
Module mujoco.mjx.third_party.mujoco_warp._src.forward 3875c24 load on device 'cuda:0' took 0.53 ms  (cached)
Module mujoco.mjx.third_party.mujoco_warp._src.support b7a7a89 load on device 'cuda:0' took 0.22 ms  (cached)
Module _tile_cholesky_factorize_solve__locals__cholesky_factorize_solve_be145701 4a8f693 load on device 'cuda:0' took 14.87 ms  (cached)
Module mujoco.mjx.third_party.mujoco_warp._src.solver 8800eae load on device 'cuda:0' took 0.72 ms  (cached)
Module solve_init_jaref__locals__kernel_0e441fb9 0e441fb load on device 'cuda:0' took 0.22 ms  (cached)
Module mul_m_dense__locals___mul_m_dense_a919c505 a919c50 load on device 'cuda:0' took 0.24 ms  (cached)
Module update_constraint_gauss_cost__locals__kernel_9283aa6c 9283aa6 load on device 'cuda:0' took 0.19 ms  (cached)
Module update_gradient_JTDAJ_dense_tiled__locals__kernel_926cd55c 4b2efd1 load on device 'cuda:0' took 28.74 ms  (cached)
Module update_gradient_cholesky__locals__kernel_0282940c df4c2e1 load on device 'cuda:0' took 18.52 ms  (cached)
Module linesearch_iterative__locals__kernel_d5d90354 cc0622d load on device 'cuda:0' took 0.50 ms  (cached)
[causal] trajectory=dense_v1_train_x2.85_family0/variant_0 saved=36 total_candidates=36 interactions=58
[causal] trajectory=dense_v1_train_x2.85_family0/variant_5 saved=27 total_candidates=63 interactions=107
[causal] trajectory=dense_v1_train_x2.85_family0/variant_10 saved=31 total_candidates=94 interactions=161
[causal] trajectory=dense_v1_train_x2.85_family0/variant_15 saved=31 total_candidates=125 interactions=209
[causal] trajectory=dense_v1_train_x2.85_family1/variant_1 saved=51 total_candidates=176 interactions=299
[causal] trajectory=dense_v1_train_x2.85_family1/variant_6 saved=29 total_candidates=205 interactions=348
[causal] trajectory=dense_v1_train_x2.85_family1/variant_11 saved=32 total_candidates=237 interactions=403
[causal] trajectory=dense_v1_train_x2.85_family2/variant_2 saved=3 total_candidates=240 interactions=413
[causal] trajectory=dense_v1_train_x2.85_family2/variant_7 saved=31 total_candidates=271 interactions=463
[causal] trajectory=dense_v1_train_x2.85_family2/variant_12 saved=28 total_candidates=299 interactions=514
[causal] trajectory=dense_v1_train_x2.85_family3/variant_3 saved=38 total_candidates=337 interactions=573
[causal] trajectory=dense_v1_train_x2.85_family3/variant_8 saved=28 total_candidates=365 interactions=622
[causal] trajectory=dense_v1_train_x2.85_family3/variant_13 saved=2 total_candidates=367 interactions=631
[causal] trajectory=dense_v1_train_x2.85_family4/variant_4 saved=32 total_candidates=399 interactions=687
[causal] trajectory=dense_v1_train_x2.85_family4/variant_9 saved=30 total_candidates=429 interactions=735
[causal] trajectory=dense_v1_train_x2.85_family4/variant_14 saved=32 total_candidates=461 interactions=787
[causal] trajectory=dense_v1_train_x2.95_family0/variant_0 saved=29 total_candidates=490 interactions=840
[causal] trajectory=dense_v1_train_x2.95_family0/variant_5 saved=1 total_candidates=491 interactions=850
[causal] trajectory=dense_v1_train_x2.95_family0/variant_10 saved=1 total_candidates=492 interactions=860
[causal] trajectory=dense_v1_train_x2.95_family0/variant_15 saved=21 total_candidates=513 interactions=903
[causal] trajectory=dense_v1_train_x2.95_family1/variant_1 saved=28 total_candidates=541 interactions=955
[causal] trajectory=dense_v1_train_x2.95_family1/variant_6 saved=29 total_candidates=570 interactions=1009
[causal] trajectory=dense_v1_train_x2.95_family1/variant_11 saved=31 total_candidates=601 interactions=1064
[causal] trajectory=dense_v1_train_x2.95_family2/variant_2 saved=27 total_candidates=628 interactions=1115
[causal] trajectory=dense_v1_train_x2.95_family2/variant_7 saved=26 total_candidates=654 interactions=1165
[causal] trajectory=dense_v1_train_x2.95_family2/variant_12 saved=27 total_candidates=681 interactions=1218
[causal] trajectory=dense_v1_train_x2.95_family3/variant_3 saved=31 total_candidates=712 interactions=1274
[causal] trajectory=dense_v1_train_x2.95_family3/variant_8 saved=29 total_candidates=741 interactions=1327
[causal] trajectory=dense_v1_train_x2.95_family3/variant_13 saved=1 total_candidates=742 interactions=1337
[causal] trajectory=dense_v1_train_x2.95_family4/variant_4 saved=29 total_candidates=771 interactions=1394
[causal] trajectory=dense_v1_train_x2.95_family4/variant_9 saved=29 total_candidates=800 interactions=1447
[causal] trajectory=dense_v1_train_x2.95_family4/variant_14 saved=30 total_candidates=830 interactions=1501
