[existence] pi_0 candidates=128 log=/home/qy/DVGC/JIT/runs/experiments/multicheckpoint_pi6_256k_20260911/exploration/late_checkpoint_256000/labels/result/evaluator_000/chunk_4497d32c822ad4ae57132a3462f6a0630d5d4a7863915c4ee08634841c4fee9f/attempt_0000/process.log
[existence] pi_0 candidates=109 log=/home/qy/DVGC/JIT/runs/experiments/multicheckpoint_pi6_256k_20260911/exploration/late_checkpoint_256000/labels/result/evaluator_000/chunk_29160215881b7eb4bece399f15983c9657ebd5e55045d293ad64e218a9f07e67/attempt_0000/process.log
[existence] pi_1 candidates=20 log=/home/qy/DVGC/JIT/runs/experiments/multicheckpoint_pi6_256k_20260911/exploration/late_checkpoint_256000/labels/result/evaluator_001/chunk_4f003e4ad8ae428e07f7b4a8b3820fb7ed29f6a1c43f39086fac4432ec126898/attempt_0000/process.log
[existence] pi_2 candidates=6 log=/home/qy/DVGC/JIT/runs/experiments/multicheckpoint_pi6_256k_20260911/exploration/late_checkpoint_256000/labels/result/evaluator_002/chunk_ba12d8f6bbf221398a5102e8ead257bbba595c51313a1b6421a4e9c0e90a693b/attempt_0000/process.log
{
  "schema": "jit_first_success_witness_index_v1",
  "plan_sha256": "cfaa6e0a3d8d9cf17cb447d6f68030646bbd7601735b792700b2ec75f54e2343",
  "bank_sha256": "14e851634d4009e8a67e7d4dce60bf07e788ee237e4419b99bf7d464651c89f6",
  "status": "completed",
  "charged_interactions": 5240,
  "attempts": [
    {
      "path": "/home/qy/DVGC/JIT/runs/experiments/multicheckpoint_pi6_256k_20260911/exploration/late_checkpoint_256000/labels/result/evaluator_000/chunk_4497d32c822ad4ae57132a3462f6a0630d5d4a7863915c4ee08634841c4fee9f/attempt_0000",
      "charged_interactions": 2513,
      "status": "completed"
    },
    {
      "path": "/home/qy/DVGC/JIT/runs/experiments/multicheckpoint_pi6_256k_20260911/exploration/late_checkpoint_256000/labels/result/evaluator_000/chunk_29160215881b7eb4bece399f15983c9657ebd5e55045d293ad64e218a9f07e67/attempt_0000",
      "charged_interactions": 2010,
      "status": "completed"
    },
    {
      "path": "/home/qy/DVGC/JIT/runs/experiments/multicheckpoint_pi6_256k_20260911/exploration/late_checkpoint_256000/labels/result/evaluator_001/chunk_4f003e4ad8ae428e07f7b4a8b3820fb7ed29f6a1c43f39086fac4432ec126898/attempt_0000",
      "charged_interactions": 598,
      "status": "completed"
    },
    {
      "path": "/home/qy/DVGC/JIT/runs/experiments/multicheckpoint_pi6_256k_20260911/exploration/late_checkpoint_256000/labels/result/evaluator_002/chunk_ba12d8f6bbf221398a5102e8ead257bbba595c51313a1b6421a4e9c0e90a693b/attempt_0000",
      "charged_interactions": 119,
      "status": "completed"
    }
  ],
  "wall_seconds": 236.88749342200026,
  "budget_exhausted": false,
  "execution_identity_error": null,
  "complete_evaluator_matrix": false,
  "positive_count": 237,
  "negative_count": 0,
  "unknown_count": 0,
  "final_test_used": false,
  "training_transitions": 0,
  "index_sha256": "69b549c9f73597d05f564c4b063b6f8608e1e7d31ae0639ebf1d3470229882f5"
}
