Warp 1.11.0 initialized:
   CUDA Toolkit 12.9, Driver 13.0
   Devices:
     "cpu"      : "x86_64"
     "cuda:0"   : "NVIDIA GeForce RTX 4090 D" (24 GiB, sm_89, mempool enabled)
   Kernel cache:
     /home/qy/.cache/warp/1.11.0
Warp DeprecationWarning: The symbol `warp.types.warp_type_to_np_dtype` will soon be removed from the public API. It can still be accessed from `warp._src.types.warp_type_to_np_dtype` but might be changed or removed without notice.
[frontier-shard] warp_memory_maintenance=enabled device=cuda:0 step_interval=64 mempool_supported=True mempool_enabled=True
Module mujoco.mjx.warp.ffi edde159 load on device 'cuda:0' took 0.44 ms  (cached)
Module mujoco.mjx.third_party.mujoco_warp._src.smooth 9d8c26b load on device 'cuda:0' took 7.12 ms  (cached)
Module mujoco.mjx.third_party.mujoco_warp._src.collision_driver de6dc98 load on device 'cuda:0' took 0.66 ms  (cached)
Module _nxn_broadphase__locals__kernel_36c68517 36c6851 load on device 'cuda:0' took 0.85 ms  (cached)
Module ccd_kernel_builder__locals__ccd_kernel_30387cff 30387cf load on device 'cuda:0' took 0.97 ms  (cached)
Module ccd_kernel_builder__locals__ccd_kernel_9855f04a 9855f04 load on device 'cuda:0' took 1.68 ms  (cached)
Module ccd_kernel_builder__locals__ccd_kernel_927e4d05 927e4d0 load on device 'cuda:0' took 1.26 ms  (cached)
Module ccd_kernel_builder__locals__ccd_kernel_2b578852 2b57885 load on device 'cuda:0' took 1.89 ms  (cached)
Module _primitive_narrowphase__locals__primitive_narrowphase_1bf02ad9 91f16af load on device 'cuda:0' took 1.22 ms  (cached)
Module mujoco.mjx.third_party.mujoco_warp._src.constraint 2aca1f5 load on device 'cuda:0' took 2.50 ms  (cached)
Module mujoco.mjx.third_party.mujoco_warp._src.sensor a2c5a56 load on device 'cuda:0' took 2.32 ms  (cached)
Module _actuator_velocity__locals__actuator_velocity_12383059 73552e7 load on device 'cuda:0' took 0.52 ms  (cached)
Module mujoco.mjx.third_party.mujoco_warp._src.passive 45a1f12 load on device 'cuda:0' took 0.67 ms  (cached)
Module mujoco.mjx.third_party.mujoco_warp._src.forward 3875c24 load on device 'cuda:0' took 1.31 ms  (cached)
Module mujoco.mjx.third_party.mujoco_warp._src.support b7a7a89 load on device 'cuda:0' took 1.06 ms  (cached)
Module _tile_cholesky_factorize_solve__locals__cholesky_factorize_solve_be145701 4a8f693 load on device 'cuda:0' took 17.58 ms  (cached)
Module mujoco.mjx.third_party.mujoco_warp._src.solver 8800eae load on device 'cuda:0' took 1.40 ms  (cached)
Module solve_init_jaref__locals__kernel_0e441fb9 0e441fb load on device 'cuda:0' took 0.23 ms  (cached)
Module mul_m_dense__locals___mul_m_dense_a919c505 a919c50 load on device 'cuda:0' took 1.19 ms  (cached)
Module update_constraint_gauss_cost__locals__kernel_9283aa6c 9283aa6 load on device 'cuda:0' took 0.55 ms  (cached)
Module update_gradient_JTDAJ_dense_tiled__locals__kernel_926cd55c 4b2efd1 load on device 'cuda:0' took 32.18 ms  (cached)
Module update_gradient_cholesky__locals__kernel_0282940c df4c2e1 load on device 'cuda:0' took 18.98 ms  (cached)
Module linesearch_iterative__locals__kernel_d5d90354 cc0622d load on device 'cuda:0' took 1.33 ms  (cached)
[causal] trajectory=dense_v1_train_x2.88_family0/variant_0 saved=28 total_candidates=28 interactions=49
[causal] trajectory=dense_v1_train_x2.88_family0/variant_5 saved=2 total_candidates=30 interactions=59
[causal] trajectory=dense_v1_train_x2.88_family0/variant_10 saved=23 total_candidates=53 interactions=103
[causal] trajectory=dense_v1_train_x2.88_family0/variant_15 saved=27 total_candidates=80 interactions=147
[causal] trajectory=dense_v1_train_x2.88_family1/variant_1 saved=28 total_candidates=108 interactions=194
[causal] trajectory=dense_v1_train_x2.88_family1/variant_6 saved=2 total_candidates=110 interactions=204
[causal] trajectory=dense_v1_train_x2.88_family1/variant_11 saved=29 total_candidates=139 interactions=253
[causal] trajectory=dense_v1_train_x2.88_family2/variant_2 saved=29 total_candidates=168 interactions=303
[causal] trajectory=dense_v1_train_x2.88_family2/variant_7 saved=28 total_candidates=196 interactions=350
[causal] trajectory=dense_v1_train_x2.88_family2/variant_12 saved=20 total_candidates=216 interactions=392
[causal] trajectory=dense_v1_train_x2.88_family3/variant_3 saved=28 total_candidates=244 interactions=440
[causal] trajectory=dense_v1_train_x2.88_family3/variant_8 saved=28 total_candidates=272 interactions=487
[causal] trajectory=dense_v1_train_x2.88_family3/variant_13 saved=25 total_candidates=297 interactions=530
[causal] trajectory=dense_v1_train_x2.88_family4/variant_4 saved=24 total_candidates=321 interactions=573
[causal] trajectory=dense_v1_train_x2.88_family4/variant_9 saved=2 total_candidates=323 interactions=583
[causal] trajectory=dense_v1_train_x2.88_family4/variant_14 saved=2 total_candidates=325 interactions=593
[causal] trajectory=dense_v1_train_x2.98_family0/variant_0 saved=23 total_candidates=348 interactions=638
[causal] trajectory=dense_v1_train_x2.98_family0/variant_5 saved=0 total_candidates=348 interactions=648
[causal] trajectory=dense_v1_train_x2.98_family0/variant_10 saved=25 total_candidates=373 interactions=695
[causal] trajectory=dense_v1_train_x2.98_family0/variant_15 saved=14 total_candidates=387 interactions=737
[causal] trajectory=dense_v1_train_x2.98_family1/variant_1 saved=22 total_candidates=409 interactions=781
[causal] trajectory=dense_v1_train_x2.98_family1/variant_6 saved=27 total_candidates=436 interactions=830
[causal] trajectory=dense_v1_train_x2.98_family1/variant_11 saved=27 total_candidates=463 interactions=877
[causal] trajectory=dense_v1_train_x2.98_family2/variant_2 saved=26 total_candidates=489 interactions=925
[causal] trajectory=dense_v1_train_x2.98_family2/variant_7 saved=21 total_candidates=510 interactions=968
[causal] trajectory=dense_v1_train_x2.98_family2/variant_12 saved=27 total_candidates=537 interactions=1013
[causal] trajectory=dense_v1_train_x2.98_family3/variant_3 saved=24 total_candidates=561 interactions=1058
[causal] trajectory=dense_v1_train_x2.98_family3/variant_8 saved=22 total_candidates=583 interactions=1101
[causal] trajectory=dense_v1_train_x2.98_family3/variant_13 saved=0 total_candidates=583 interactions=1111
[causal] trajectory=dense_v1_train_x2.98_family4/variant_4 saved=27 total_candidates=610 interactions=1157
[causal] trajectory=dense_v1_train_x2.98_family4/variant_9 saved=24 total_candidates=634 interactions=1203
[causal] trajectory=dense_v1_train_x2.98_family4/variant_14 saved=2 total_candidates=636 interactions=1217
